F02 communication_templates
TEMPLATE F02 M001 False
TEMPLATE F02 M002 False
TEMPLATE F02 M003 False
TEMPLATE F02 M004 False
TEMPLATE F02 M005 False
TEMPLATE F02 M006 False
TEMPLATE F02 M007 False
TEMPLATE F02 M008 False
TEMPLATE F02 M009 False
TEMPLATE F02 M010 False
TEMPLATE F02 M011 False
TEMPLATE F02 M012 False
TEMPLATE F02 M013 False
TEMPLATE F02 M014 False
TEMPLATE F02 M015 False
TEMPLATE F02 M016 False
TEMPLATE F02 M017 False
TEMPLATE F02 M018 False
TEMPLATE F02 M019 False
TEMPLATE F02 M020 False
TEMPLATE F02 M021 False
TEMPLATE F02 M022 False
TEMPLATE F02 M023 False
TEMPLATE F02 M024 False
F02 task_site_edges
F02 C2_SITE_B6500_RELAY_00 round 0 columns 39 uncovered 3.0
F02 C2_SITE_B6500_RELAY_00 round 1 columns 1201 uncovered 0.0
F02 XB1_Q3_PENDING_INDEPENDENT_VALIDATION relay_sorties 3 shift 4534.4
