F12 communication_templates
TEMPLATE F12 M001 False
TEMPLATE F12 M002 False
TEMPLATE F12 M003 False
TEMPLATE F12 M004 False
TEMPLATE F12 M005 False
TEMPLATE F12 M006 False
TEMPLATE F12 M007 False
TEMPLATE F12 M008 False
TEMPLATE F12 M009 False
TEMPLATE F12 M010 False
TEMPLATE F12 M011 False
TEMPLATE F12 M012 False
TEMPLATE F12 M013 False
TEMPLATE F12 M014 False
TEMPLATE F12 M015 False
TEMPLATE F12 M016 False
TEMPLATE F12 M017 False
TEMPLATE F12 M018 False
TEMPLATE F12 M019 False
TEMPLATE F12 M020 False
TEMPLATE F12 M021 False
TEMPLATE F12 M022 False
TEMPLATE F12 M023 False
TEMPLATE F12 M024 False
TEMPLATE F12 M025 False
TEMPLATE F12 M026 False
F12 task_site_edges
F12 C2_SITE_B6500_RELAY_00 round 0 columns 35 uncovered 0.0
F12 XB1_Q3_PENDING_INDEPENDENT_VALIDATION relay_sorties 3 shift -1321.1000000000001
