F13 communication_templates
TEMPLATE F13 M001 False
TEMPLATE F13 M002 False
TEMPLATE F13 M003 False
TEMPLATE F13 M004 False
TEMPLATE F13 M005 False
TEMPLATE F13 M006 False
TEMPLATE F13 M007 False
TEMPLATE F13 M008 False
TEMPLATE F13 M009 False
TEMPLATE F13 M010 False
TEMPLATE F13 M011 False
TEMPLATE F13 M012 False
TEMPLATE F13 M013 False
TEMPLATE F13 M014 False
TEMPLATE F13 M015 False
TEMPLATE F13 M016 False
TEMPLATE F13 M017 False
TEMPLATE F13 M018 False
TEMPLATE F13 M019 False
TEMPLATE F13 M020 False
TEMPLATE F13 M021 False
TEMPLATE F13 M022 False
TEMPLATE F13 M023 False
TEMPLATE F13 M024 False
F13 task_site_edges
F13 C2_SITE_B6500_RELAY_00 round 0 columns 33 uncovered 0.0
F13 XB1_Q3_PENDING_INDEPENDENT_VALIDATION relay_sorties 3 shift 1790.4999999999995
