F16 communication_templates
TEMPLATE F16 M001 False
TEMPLATE F16 M002 False
TEMPLATE F16 M003 False
TEMPLATE F16 M004 False
TEMPLATE F16 M005 False
TEMPLATE F16 M006 False
TEMPLATE F16 M007 False
TEMPLATE F16 M008 False
TEMPLATE F16 M009 False
TEMPLATE F16 M010 False
TEMPLATE F16 M011 False
TEMPLATE F16 M012 False
TEMPLATE F16 M013 False
TEMPLATE F16 M014 False
TEMPLATE F16 M015 False
TEMPLATE F16 M016 False
TEMPLATE F16 M017 False
TEMPLATE F16 M018 False
TEMPLATE F16 M019 False
TEMPLATE F16 M020 False
TEMPLATE F16 M021 False
TEMPLATE F16 M022 False
TEMPLATE F16 M023 False
TEMPLATE F16 M024 False
TEMPLATE F16 M025 False
F16 task_site_edges
F16 C2_SITE_B6500_RELAY_00 round 0 columns 33 uncovered 0.0
F16 XB1_Q3_PENDING_INDEPENDENT_VALIDATION relay_sorties 3 shift 1739.6999999999991
