F18 communication_templates
TEMPLATE F18 M001 False
TEMPLATE F18 M002 False
TEMPLATE F18 M003 False
TEMPLATE F18 M004 False
TEMPLATE F18 M005 False
TEMPLATE F18 M006 False
TEMPLATE F18 M007 False
TEMPLATE F18 M008 False
TEMPLATE F18 M009 False
TEMPLATE F18 M010 False
TEMPLATE F18 M011 False
TEMPLATE F18 M012 False
TEMPLATE F18 M013 False
TEMPLATE F18 M014 False
TEMPLATE F18 M015 False
TEMPLATE F18 M016 False
TEMPLATE F18 M017 False
TEMPLATE F18 M018 False
TEMPLATE F18 M019 False
TEMPLATE F18 M020 False
TEMPLATE F18 M021 False
TEMPLATE F18 M022 False
TEMPLATE F18 M023 False
TEMPLATE F18 M024 False
F18 task_site_edges
F18 C2_SITE_B6500_RELAY_00 round 0 columns 34 uncovered 2.0
F18 C2_SITE_B6500_RELAY_00 round 1 columns 875 uncovered 2.0
F18 C2_SITE_B6500_RELAY_00 round 2 columns 891 uncovered 2.0
F18 C2 0 HEURISTIC_TIMING_DIVERSIFICATION
F18 C2_SITE_B6500_RELAY_01 round 0 columns 34 uncovered 2.0
F18 C2_SITE_B6500_RELAY_01 round 1 columns 840 uncovered 2.0
F18 C2_SITE_B6500_RELAY_01 round 2 columns 843 uncovered 2.0
F18 C2 1 HEURISTIC_TIMING_DIVERSIFICATION
