Starting CP-SAT solver v9.14.6206Parameters: random_seed: 26092511 max_time_in_seconds: 75 log_search_progress: true num_search_workers: 4 log_to_stdout: falseInitial optimization model '': (model_fingerprint: 0xe76f4b1f4b835723)
#Variables: 5'947 (#bools: 2'973 in objective) (5'928 primary variables)
  - 2'973 Booleans in [0,1]
  - 955 different domains in [0,185644] with a largest complexity of 1.
#kCumulative: 6 (#intervals: 5'946, #optional: 5'946)
#kInterval: 5'946 (#enforced: 5'946)
#kLinear1: 2'974 (#enforced: 2'973)
#kLinear2: 3'113 (#enforced: 3'043)
#kLinearN: 64 (#terms: 11'926)Starting presolve at 0.01sThe solution hint is complete and is feasible. Its objective value is 27.  1.24e-03s  0.00e+00d  [DetectDominanceRelations]   4.99e-02s  0.00e+00d  [PresolveToFixPoint] #num_loops=3 #num_dual_strengthening=2   1.28e-04s  0.00e+00d  [ExtractEncodingFromLinear] #potential_supersets=50   3.05e-04s  0.00e+00d  [DetectDuplicateColumns]   1.89e-03s  0.00e+00d  [DetectDuplicateConstraints] [Symmetry] Graph for symmetry has 28'649 nodes and 51'001 arcs.[Symmetry] Symmetry computation done. time: 0.0033967 dtime: 0.00576699[SAT presolve] num removable Booleans: 0 / 2973[SAT presolve] num trivial clauses: 0[SAT presolve] [0s] clauses:70 literals:140 vars:113 one_side_vars:86 simple_definition:27 singleton_clauses:0[SAT presolve] [2.4114e-05s] clauses:70 literals:140 vars:113 one_side_vars:86 simple_definition:27 singleton_clauses:0[SAT presolve] [7.8717e-05s] clauses:70 literals:140 vars:113 one_side_vars:86 simple_definition:27 singleton_clauses:0  1.99e-03s  0.00e+00d  [DetectDuplicateConstraintsWithDifferentEnforcements]   1.61e+00s  4.95e-01d  [Probe] #probed=11'892 #new_bounds=1'301 #new_binary_clauses=9'590   1.48e-03s  5.11e-03d  [MaxClique] Merged 81(415 literals) into 79(389 literals) at_most_ones.   1.30e-03s  0.00e+00d  [DetectDominanceRelations]   3.58e-02s  0.00e+00d  [PresolveToFixPoint] #num_loops=2 #num_dual_strengthening=1   1.08e-03s  0.00e+00d  [ProcessAtMostOneAndLinear]   2.78e-03s  0.00e+00d  [DetectDuplicateConstraints]   1.81e-03s  0.00e+00d  [DetectDuplicateConstraintsWithDifferentEnforcements]   1.48e-04s  1.36e-05d  [DetectDominatedLinearConstraints] #relevant_constraints=14   5.79e-05s  0.00e+00d  [DetectDifferentVariables]   5.67e-04s  4.71e-05d  [ProcessSetPPC] #relevant_constraints=143 #num_inclusions=18   7.57e-05s  0.00e+00d  [FindAlmostIdenticalLinearConstraints]   2.46e-02s  5.49e-02d  [FindBigAtMostOneAndLinearOverlap]   1.81e-03s  2.06e-02d  [FindBigVerticalLinearOverlap]   1.94e-04s  2.67e-04d  [FindBigHorizontalLinearOverlap] #linears=14   1.11e-04s  0.00e+00d  [MergeClauses]   1.55e-03s  0.00e+00d  [DetectDominanceRelations]   4.27e-02s  0.00e+00d  [PresolveToFixPoint] #num_loops=1 #num_dual_strengthening=1   1.18e-03s  0.00e+00d  [DetectDominanceRelations]   3.55e-02s  0.00e+00d  [PresolveToFixPoint] #num_loops=1 #num_dual_strengthening=1   3.78e-04s  0.00e+00d  [DetectDuplicateColumns]   1.95e-03s  0.00e+00d  [DetectDuplicateConstraints] [Symmetry] Graph for symmetry has 27'354 nodes and 48'501 arcs.[Symmetry] Symmetry computation done. time: 0.00267304 dtime: 0.00567007[Symmetry] #generators: 1, average support size: 4[Symmetry] 2 orbits on 4 variables with sizes: 2,2[Symmetry] Num fixable by intersecting at_most_one with orbits: 1 largest_orbit: 2[SAT presolve] num removable Booleans: 0 / 2973[SAT presolve] num trivial clauses: 0[SAT presolve] [0s] clauses:70 literals:140 vars:113 one_side_vars:86 simple_definition:27 singleton_clauses:0[SAT presolve] [1.9299e-05s] clauses:70 literals:140 vars:113 one_side_vars:86 simple_definition:27 singleton_clauses:0[SAT presolve] [6.908e-05s] clauses:70 literals:140 vars:113 one_side_vars:86 simple_definition:27 singleton_clauses:0  2.79e-03s  0.00e+00d  [DetectDuplicateConstraintsWithDifferentEnforcements]   1.57e+00s  4.62e-01d  [Probe] #probed=11'888 #new_bounds=1 #new_binary_clauses=9'590   7.33e-04s  2.49e-03d  [MaxClique]   1.21e-03s  0.00e+00d  [DetectDominanceRelations]   3.70e-02s  0.00e+00d  [PresolveToFixPoint] #num_loops=1 #num_dual_strengthening=1   1.92e-03s  0.00e+00d  [ProcessAtMostOneAndLinear]   2.45e-03s  0.00e+00d  [DetectDuplicateConstraints]   2.31e-03s  0.00e+00d  [DetectDuplicateConstraintsWithDifferentEnforcements]   2.58e-04s  1.36e-05d  [DetectDominatedLinearConstraints] #relevant_constraints=14   1.14e-04s  0.00e+00d  [DetectDifferentVariables]   8.44e-04s  4.49e-05d  [ProcessSetPPC] #relevant_constraints=140 #num_inclusions=10   1.57e-04s  0.00e+00d  [FindAlmostIdenticalLinearConstraints]   2.50e-02s  5.48e-02d  [FindBigAtMostOneAndLinearOverlap]   1.65e-03s  2.06e-02d  [FindBigVerticalLinearOverlap]   1.84e-04s  2.67e-04d  [FindBigHorizontalLinearOverlap] #linears=14   1.21e-04s  0.00e+00d  [MergeClauses]   1.27e-03s  0.00e+00d  [DetectDominanceRelations]   3.33e-02s  0.00e+00d  [PresolveToFixPoint] #num_loops=1 #num_dual_strengthening=1   1.17e-03s  0.00e+00d  [DetectDominanceRelations]   3.40e-02s  0.00e+00d  [PresolveToFixPoint] #num_loops=1 #num_dual_strengthening=1   3.67e-04s  0.00e+00d  [DetectDuplicateColumns]   1.92e-03s  0.00e+00d  [DetectDuplicateConstraints] [Symmetry] Graph for symmetry has 27'347 nodes and 48'486 arcs.[Symmetry] Symmetry computation done. time: 0.00232896 dtime: 0.00566354[SAT presolve] num removable Booleans: 0 / 2972[SAT presolve] num trivial clauses: 0[SAT presolve] [0s] clauses:70 literals:140 vars:113 one_side_vars:86 simple_definition:27 singleton_clauses:0[SAT presolve] [1.8169e-05s] clauses:70 literals:140 vars:113 one_side_vars:86 simple_definition:27 singleton_clauses:0[SAT presolve] [6.3311e-05s] clauses:70 literals:140 vars:113 one_side_vars:86 simple_definition:27 singleton_clauses:0  2.10e-03s  0.00e+00d  [DetectDuplicateConstraintsWithDifferentEnforcements]   1.54e+00s  4.62e-01d  [Probe] #probed=11'888 #new_binary_clauses=9'590   6.81e-04s  2.49e-03d  [MaxClique]   1.17e-03s  0.00e+00d  [DetectDominanceRelations]   3.54e-02s  0.00e+00d  [PresolveToFixPoint] #num_loops=1 #num_dual_strengthening=1   1.10e-03s  0.00e+00d  [ProcessAtMostOneAndLinear]   2.44e-03s  0.00e+00d  [DetectDuplicateConstraints]   1.93e-03s  0.00e+00d  [DetectDuplicateConstraintsWithDifferentEnforcements]   1.43e-04s  1.36e-05d  [DetectDominatedLinearConstraints] #relevant_constraints=14   5.50e-05s  0.00e+00d  [DetectDifferentVariables]   5.38e-04s  4.49e-05d  [ProcessSetPPC] #relevant_constraints=140 #num_inclusions=10   7.44e-05s  0.00e+00d  [FindAlmostIdenticalLinearConstraints]   2.57e-02s  5.47e-02d  [FindBigAtMostOneAndLinearOverlap]   2.32e-03s  2.06e-02d  [FindBigVerticalLinearOverlap]   2.71e-04s  2.67e-04d  [FindBigHorizontalLinearOverlap] #linears=14   1.62e-04s  0.00e+00d  [MergeClauses]   1.27e-03s  0.00e+00d  [DetectDominanceRelations]   3.37e-02s  0.00e+00d  [PresolveToFixPoint] #num_loops=1 #num_dual_strengthening=1   5.63e-03s  0.00e+00d  [ExpandObjective] #entries=1'475'996 #tight_variables=7'787 #tight_constraints=50 Presolve summary:  - 0 affine relations were detected.  - rule 'TODO linear2: contains a Boolean.' was applied 140 times.  - rule 'at_most_one: transformed into max clique.' was applied 1 time.  - rule 'bool_or: implications' was applied 70 times.  - rule 'deductions: 7247 stored' was applied 1 time.  - rule 'dual: fix variable' was applied 1 time.  - rule 'enforcement: false literal' was applied 2 times.  - rule 'enforcement: true literal' was applied 1 time.  - rule 'exactly_one: removed literals' was applied 2 times.  - rule 'exactly_one: simplified objective' was applied 8 times.  - rule 'linear1: x in domain' was applied 1 time.  - rule 'linear: always true' was applied 2'974 times.  - rule 'linear: extracted at most one (max).' was applied 11 times.  - rule 'linear: fixed or dup variables' was applied 2'978 times.  - rule 'linear: positive clause' was applied 70 times.  - rule 'linear: positive equal one' was applied 50 times.  - rule 'presolve: 3 unused variables removed.' was applied 1 time.  - rule 'presolve: iteration' was applied 3 times.  - rule 'setppc: removed dominated constraints' was applied 3 times.  - rule 'symmetry: fixed to false in general orbit' was applied 1 time.  - rule 'variables: detect half reified value encoding' was applied 2'973 times.Presolved optimization model '': (model_fingerprint: 0x181684b410911d64)
#Variables: 5'944 (#bools: 2'404 in objective) (5'925 primary variables)
  - 2'972 Booleans in [0,1]
  - 656 different domains in [0,50865] with a largest complexity of 1.
#kAtMostOne: 6 (#literals: 102)
#kBoolAnd: 70 (#enforced: 70) (#literals: 140)
#kCumulative: 6 (#intervals: 5'944, #optional: 5'944)
#kExactlyOne: 50 (#literals: 7'787)
#kInterval: 5'944 (#enforced: 5'944)
#kLinear1: 2'972 (#enforced: 2'972)
#kLinear2: 70 (#enforced: 70)
#kLinearN: 14 (#terms: 4'133)[Symmetry] Graph for symmetry has 27'344 nodes and 48'486 arcs.[Symmetry] Symmetry computation done. time: 0.00255762 dtime: 0.00566336Preloading model.#Bound   5.24s best:inf   next:[8,2412]   initial_domain#1       5.24s best:27    next:[8,26]     complete_hint#Model   5.25s var:5944/5944 constraints:9132/9132Starting search at 5.25s with 4 workers.3 full problem subsolvers: [core, default_lp, fixed]1 first solution subsolver: [fj]13 interleaved subsolvers: [feasibility_pump, graph_arc_lns, graph_cst_lns, graph_dec_lns, graph_var_lns, ls, rins/rens, rnd_cst_lns, rnd_var_lns, scheduling_intervals_lns, scheduling_precedences_lns, scheduling_resource_windows_lns, scheduling_time_window_lns]3 helper subsolvers: [neighborhood_helper, synchronization_agent, update_gap_integral]#Bound   8.05s best:27    next:[13,26]    fixed#Bound   8.08s best:27    next:[20,26]    fixed#Bound   8.10s best:27    next:[21,26]    fixed#Bound   8.14s best:27    next:[22,26]    fixed#2       8.29s best:26    next:[22,25]    fixed [hint] (fixed_bools=0/5972)#3      12.65s best:25    next:[22,24]    graph_var_lns (d=4.62e-01 s=43 t=0.10 p=0.50 stall=2 h=base)#Model  14.63s var:5864/5944 constraints:9010/9132#Model  60.99s var:5840/5944 constraints:8974/9132#Model  62.68s var:5832/5944 constraints:8962/9132#Model  65.65s var:5798/5944 constraints:8911/9132#Model  66.42s var:5794/5944 constraints:8905/9132Task timing                                        n [     min,      max]      avg      dev     time         n [     min,      max]      avg      dev    dtime
                             'core':               1 [   1.16m,    1.16m]    1.16m   0.00ns    1.16m         1 [  19.14s,   19.14s]   19.14s   0.00ns   19.14s
                       'default_lp':               1 [   1.16m,    1.16m]    1.16m   0.00ns    1.16m         1 [  30.86s,   30.86s]   30.86s   0.00ns   30.86s
                 'feasibility_pump':              70 [ 35.76us,    3.20s]  85.83ms 446.80ms    6.01s         3 [ 21.47ms,  31.53ms]  25.61ms   4.29ms  76.83ms
                            'fixed':               1 [   1.16m,    1.16m]    1.16m   0.00ns    1.16m         1 [  36.00s,   36.00s]   36.00s   0.00ns   36.00s
                               'fj':               0 [  0.00ns,   0.00ns]   0.00ns   0.00ns   0.00ns         0 [  0.00ns,   0.00ns]   0.00ns   0.00ns   0.00ns
                    'graph_arc_lns':              35 [ 22.83ms, 514.55ms] 199.23ms 155.27ms    6.97s        35 [  3.99us, 100.15ms]  55.04ms  46.42ms    1.93s
                    'graph_cst_lns':        38 [-36492836.00ns, 480.93ms] 185.07ms 162.06ms    7.03s        37 [350.00ns, 100.21ms]  52.97ms  48.41ms    1.96s
                    'graph_dec_lns':              32 [ 21.65ms, 822.57ms] 218.22ms 176.34ms    6.98s        32 [  6.30us, 100.70ms]  57.30ms  45.63ms    1.83s
                    'graph_var_lns':              30 [ 24.65ms, 689.88ms] 236.02ms 166.17ms    7.08s        30 [  5.49us, 100.28ms]  56.56ms  42.27ms    1.70s
                               'ls':              70 [  2.02ms, 105.74ms]  25.72ms  32.80ms    1.80s        70 [100.03ms, 117.99ms] 103.57ms   4.13ms    7.25s
                        'rins/rens':               0 [  0.00ns,   0.00ns]   0.00ns   0.00ns   0.00ns         0 [  0.00ns,   0.00ns]   0.00ns   0.00ns   0.00ns
                      'rnd_cst_lns':              38 [ 25.05ms, 470.95ms] 183.49ms 126.86ms    6.97s        38 [ 26.57us, 100.32ms]  54.48ms  45.76ms    2.07s
                      'rnd_var_lns':              40 [ 28.76ms, 445.59ms] 180.10ms 119.83ms    7.20s        40 [  5.80us, 100.32ms]  54.77ms  46.18ms    2.19s
         'scheduling_intervals_lns':              35 [ 47.68ms, 483.15ms] 199.29ms 121.77ms    6.98s        35 [  9.75us, 100.30ms]  53.68ms  47.01ms    1.88s
       'scheduling_precedences_lns':              27 [ 21.38ms,    1.51s] 278.60ms 387.57ms    7.52s        27 [  9.49us, 100.23ms]  33.38ms  47.19ms 901.29ms
  'scheduling_resource_windows_lns':              70 [ 23.21ms,  69.27ms]  36.88ms   9.23ms    2.58s        70 [  5.16us,   7.55us]   6.00us 645.63ns 420.17us
       'scheduling_time_window_lns':              70 [ 23.05ms,  70.05ms]  35.91ms   9.71ms    2.51s        70 [  5.16us,   7.33us]   5.92us 569.99ns 414.26us
Search stats      Bools  Conflicts   Branches  Restarts  BoolPropag  IntegerPropag
        'core':   6'196     83'366  1'087'625    25'562  63'810'847     27'037'955
  'default_lp':  87'973     93'661    609'813    30'675  96'210'122     21'714'266
       'fixed':   7'541     35'594     79'948    11'889  14'579'463     12'084'898
SAT stats        ClassicMinim  LitRemoved  LitLearned  LitForgotten  Subsumed  MClauses  MDecisions  MLitTrue  MSubsumed  MLitRemoved  MReused
        'core':        64'759   4'437'589  17'528'153    14'269'784     1'029     4'945     259'229         0      1'505      125'432    2'441
  'default_lp':        59'590   3'458'784   5'363'288     4'361'166        74       690      62'420         0         11          140      444
       'fixed':        31'315   8'838'426   4'770'654     1'946'716       193         0           0         0          0            0        0
Lp stats         Component  Iterations  AddedCuts  OPTIMAL  DUAL_F.  DUAL_U.
  'default_lp':          1     216'127        827   19'139        0    3'631
       'fixed':          1     834'289        506   41'756        0   12'216
Lp dimension       Final dimension of first component
  'default_lp':  89 rows, 2972 columns, 23755 entries
       'fixed':  88 rows, 2972 columns, 16749 entries
Lp debug         CutPropag  CutEqPropag  Adjust  Overflow    Bad  BadScaling
  'default_lp':          0           62  22'095         0  7'643           0
       'fixed':          0           13  53'641         0  3'680           0
Lp pool          Constraints  Updates  Simplif  Merged  Shortened  Split  Strenghtened  Cuts/Call
  'default_lp':          900      299      376       0        410      2           122  827/1'165
       'fixed':          579      197        0       0          0      1           202    506/783
Lp Cut       default_lp  fixed
     CG_FF:          44     36
      CG_K:          14     11
     CG_KL:           1      -
      CG_R:          75     40
  MIR_1_FF:          23     11
   MIR_1_K:           2      1
  MIR_1_KL:           1      1
   MIR_1_R:          30     23
  MIR_2_FF:          59     33
   MIR_2_K:          10     10
  MIR_2_KL:          10     15
   MIR_2_R:         131     84
  MIR_3_FF:          79     57
   MIR_3_K:           6      9
  MIR_3_KL:           4      1
   MIR_3_R:          79     48
  MIR_4_FF:          35     22
   MIR_4_K:           4      1
  MIR_4_KL:           2      2
   MIR_4_R:          57     31
  MIR_5_FF:          49     27
   MIR_5_K:           8      3
   MIR_5_R:          52     20
  MIR_6_FF:          30      8
   MIR_6_K:           2      1
   MIR_6_R:          20     11
LNS stats                             Improv/Calls  Closed  Difficulty  TimeLimit
                    'graph_arc_lns':          2/35     51%    6.44e-01       0.10
                    'graph_cst_lns':          2/37     51%    6.38e-01       0.10
                    'graph_dec_lns':          2/32     50%    6.48e-01       0.10
                    'graph_var_lns':          3/30     53%    7.20e-01       0.10
                        'rins/rens':           0/0      0%    5.00e-01       0.10
                      'rnd_cst_lns':          3/38     53%    6.54e-01       0.10
                      'rnd_var_lns':          2/40     50%    6.18e-01       0.10
         'scheduling_intervals_lns':          2/35     51%    6.65e-01       0.10
       'scheduling_precedences_lns':          2/27     67%    9.82e-01       0.10
  'scheduling_resource_windows_lns':          0/70    100%    1.00e+00       0.10
       'scheduling_time_window_lns':          0/70    100%    1.00e+00       0.10
LS stats                                Batches  Restarts/Perturbs  LinMoves  GenMoves  CompoundMoves  Bactracks  WeightUpdates  ScoreComputed
                'ls_restart_compound':       13                  9         0       236              3        114              2         23'368
        'ls_restart_compound_perturb':       15                  7         0       269              6        130              4         26'703
                   'ls_restart_decay':        5                  4     4'685         0              0          0          1'741        887'749
          'ls_restart_decay_compound':        8                  5         0       151              0         75              0         14'362
  'ls_restart_decay_compound_perturb':       11                  7         0       200              3         98              2         19'640
           'ls_restart_decay_perturb':       12                  8    11'067         0              0          0          3'998      2'253'665
                 'ls_restart_perturb':        6                  5     6'549         0              0          0          5'012        325'589
Solutions (3)       Num   Rank
  'complete_hint':    1  [1,1]
          'fixed':    1  [2,2]
  'graph_var_lns':    1  [3,3]
Objective bounds     Num
           'fixed':    4
  'initial_domain':    1
Solution repositories    Added  Queried  Synchro
  'feasible solutions':     71      875       38
   'fj solution hints':      0        0        0
        'lp solutions':      0        0        0
                'pump':      0        0
Improving bounds shared    Num  Sym
            'default_lp':  150    0
Clauses shared    Num
         'core':    5
        'fixed':    4
CpSolverResponse summary:
status: FEASIBLE
objective: 25
best_bound: 22
integers: 5994
booleans: 87973
conflicts: 93661
branches: 609813
propagations: 96210122
integer_propagations: 21714266
restarts: 30675
lp_iterations: 216127
walltime: 75.0454
usertime: 75.0454
deterministic_time: 109.435
gap_integral: 119.802
solution_fingerprint: 0xd04d8caef46e0948
