Starting CP-SAT solver v9.14.6206Parameters: random_seed: 26092511 max_time_in_seconds: 75 log_search_progress: true num_search_workers: 4 log_to_stdout: falseInitial optimization model '': (model_fingerprint: 0x6469342de19ba6e7)
#Variables: 5'947 (#bools: 2'973 in objective) (5'928 primary variables)
  - 2'973 Booleans in [0,1]
  - 955 different domains in [0,185644] with a largest complexity of 1.
#kCumulative: 6 (#intervals: 5'946, #optional: 5'946)
#kInterval: 5'946 (#enforced: 5'946)
#kLinear1: 2'974 (#enforced: 2'973)
#kLinear2: 3'113 (#enforced: 3'043)
#kLinearN: 64 (#terms: 11'926)Starting presolve at 0.01sThe solution hint is complete and is feasible. Its objective value is 27.  1.52e-03s  0.00e+00d  [DetectDominanceRelations]   5.17e-02s  0.00e+00d  [PresolveToFixPoint] #num_loops=3 #num_dual_strengthening=2   2.86e-04s  0.00e+00d  [ExtractEncodingFromLinear] #potential_supersets=50   5.42e-04s  0.00e+00d  [DetectDuplicateColumns]   1.87e-03s  0.00e+00d  [DetectDuplicateConstraints] [Symmetry] Graph for symmetry has 28'649 nodes and 51'001 arcs.[Symmetry] Symmetry computation done. time: 0.00425393 dtime: 0.00576699[SAT presolve] num removable Booleans: 0 / 2973[SAT presolve] num trivial clauses: 0[SAT presolve] [0s] clauses:70 literals:140 vars:113 one_side_vars:86 simple_definition:27 singleton_clauses:0[SAT presolve] [1.8072e-05s] clauses:70 literals:140 vars:113 one_side_vars:86 simple_definition:27 singleton_clauses:0[SAT presolve] [6.4099e-05s] clauses:70 literals:140 vars:113 one_side_vars:86 simple_definition:27 singleton_clauses:0  3.12e-03s  0.00e+00d  [DetectDuplicateConstraintsWithDifferentEnforcements]   1.71e+00s  4.95e-01d  [Probe] #probed=11'892 #new_bounds=1'301 #new_binary_clauses=9'590   1.27e-03s  5.11e-03d  [MaxClique] Merged 81(415 literals) into 79(389 literals) at_most_ones.   1.26e-03s  0.00e+00d  [DetectDominanceRelations]   4.00e-02s  0.00e+00d  [PresolveToFixPoint] #num_loops=2 #num_dual_strengthening=1   1.81e-03s  0.00e+00d  [ProcessAtMostOneAndLinear]   3.47e-03s  0.00e+00d  [DetectDuplicateConstraints]   3.08e-03s  0.00e+00d  [DetectDuplicateConstraintsWithDifferentEnforcements]   3.38e-04s  1.36e-05d  [DetectDominatedLinearConstraints] #relevant_constraints=14   1.69e-04s  0.00e+00d  [DetectDifferentVariables]   8.55e-04s  4.71e-05d  [ProcessSetPPC] #relevant_constraints=143 #num_inclusions=18   1.56e-04s  0.00e+00d  [FindAlmostIdenticalLinearConstraints]   3.51e-02s  5.49e-02d  [FindBigAtMostOneAndLinearOverlap]   1.75e-03s  2.06e-02d  [FindBigVerticalLinearOverlap]   1.75e-04s  2.67e-04d  [FindBigHorizontalLinearOverlap] #linears=14   9.94e-05s  0.00e+00d  [MergeClauses]   1.36e-03s  0.00e+00d  [DetectDominanceRelations]   3.54e-02s  0.00e+00d  [PresolveToFixPoint] #num_loops=1 #num_dual_strengthening=1   1.31e-03s  0.00e+00d  [DetectDominanceRelations]   3.77e-02s  0.00e+00d  [PresolveToFixPoint] #num_loops=1 #num_dual_strengthening=1   4.01e-04s  0.00e+00d  [DetectDuplicateColumns]   2.03e-03s  0.00e+00d  [DetectDuplicateConstraints] [Symmetry] Graph for symmetry has 27'354 nodes and 48'501 arcs.[Symmetry] Symmetry computation done. time: 0.00261477 dtime: 0.00567007[Symmetry] #generators: 1, average support size: 4[Symmetry] 2 orbits on 4 variables with sizes: 2,2[Symmetry] Num fixable by intersecting at_most_one with orbits: 1 largest_orbit: 2[SAT presolve] num removable Booleans: 0 / 2973[SAT presolve] num trivial clauses: 0[SAT presolve] [0s] clauses:70 literals:140 vars:113 one_side_vars:86 simple_definition:27 singleton_clauses:0[SAT presolve] [1.4008e-05s] clauses:70 literals:140 vars:113 one_side_vars:86 simple_definition:27 singleton_clauses:0[SAT presolve] [6.1594e-05s] clauses:70 literals:140 vars:113 one_side_vars:86 simple_definition:27 singleton_clauses:0  3.70e-03s  0.00e+00d  [DetectDuplicateConstraintsWithDifferentEnforcements]   1.67e+00s  4.62e-01d  [Probe] #probed=11'888 #new_bounds=1 #new_binary_clauses=9'590   1.38e-03s  2.49e-03d  [MaxClique]   2.30e-03s  0.00e+00d  [DetectDominanceRelations]   4.92e-02s  0.00e+00d  [PresolveToFixPoint] #num_loops=1 #num_dual_strengthening=1   1.74e-03s  0.00e+00d  [ProcessAtMostOneAndLinear]   2.62e-03s  0.00e+00d  [DetectDuplicateConstraints]   1.93e-03s  0.00e+00d  [DetectDuplicateConstraintsWithDifferentEnforcements]   1.58e-04s  1.36e-05d  [DetectDominatedLinearConstraints] #relevant_constraints=14   7.07e-05s  0.00e+00d  [DetectDifferentVariables]   7.67e-04s  4.49e-05d  [ProcessSetPPC] #relevant_constraints=140 #num_inclusions=10   1.29e-04s  0.00e+00d  [FindAlmostIdenticalLinearConstraints]   2.83e-02s  5.48e-02d  [FindBigAtMostOneAndLinearOverlap]   2.14e-03s  2.06e-02d  [FindBigVerticalLinearOverlap]   2.91e-04s  2.67e-04d  [FindBigHorizontalLinearOverlap] #linears=14   1.24e-04s  0.00e+00d  [MergeClauses]   1.66e-03s  0.00e+00d  [DetectDominanceRelations]   4.02e-02s  0.00e+00d  [PresolveToFixPoint] #num_loops=1 #num_dual_strengthening=1   1.41e-03s  0.00e+00d  [DetectDominanceRelations]   4.18e-02s  0.00e+00d  [PresolveToFixPoint] #num_loops=1 #num_dual_strengthening=1   6.02e-04s  0.00e+00d  [DetectDuplicateColumns]   2.03e-03s  0.00e+00d  [DetectDuplicateConstraints] [Symmetry] Graph for symmetry has 27'347 nodes and 48'486 arcs.[Symmetry] Symmetry computation done. time: 0.00257876 dtime: 0.00566354[SAT presolve] num removable Booleans: 0 / 2972[SAT presolve] num trivial clauses: 0[SAT presolve] [0s] clauses:70 literals:140 vars:113 one_side_vars:86 simple_definition:27 singleton_clauses:0[SAT presolve] [3.2299e-05s] clauses:70 literals:140 vars:113 one_side_vars:86 simple_definition:27 singleton_clauses:0[SAT presolve] [0.000140737s] clauses:70 literals:140 vars:113 one_side_vars:86 simple_definition:27 singleton_clauses:0  2.06e-03s  0.00e+00d  [DetectDuplicateConstraintsWithDifferentEnforcements]   1.69e+00s  4.62e-01d  [Probe] #probed=11'888 #new_binary_clauses=9'590   6.51e-04s  2.49e-03d  [MaxClique]   1.86e-03s  0.00e+00d  [DetectDominanceRelations]   4.13e-02s  0.00e+00d  [PresolveToFixPoint] #num_loops=1 #num_dual_strengthening=1   1.56e-03s  0.00e+00d  [ProcessAtMostOneAndLinear]   3.13e-03s  0.00e+00d  [DetectDuplicateConstraints]   2.81e-03s  0.00e+00d  [DetectDuplicateConstraintsWithDifferentEnforcements]   2.41e-04s  1.36e-05d  [DetectDominatedLinearConstraints] #relevant_constraints=14   1.16e-04s  0.00e+00d  [DetectDifferentVariables]   6.33e-04s  4.49e-05d  [ProcessSetPPC] #relevant_constraints=140 #num_inclusions=10   1.16e-04s  0.00e+00d  [FindAlmostIdenticalLinearConstraints]   2.52e-02s  5.47e-02d  [FindBigAtMostOneAndLinearOverlap]   1.76e-03s  2.06e-02d  [FindBigVerticalLinearOverlap]   1.93e-04s  2.67e-04d  [FindBigHorizontalLinearOverlap] #linears=14   1.37e-04s  0.00e+00d  [MergeClauses]   1.33e-03s  0.00e+00d  [DetectDominanceRelations]   4.13e-02s  0.00e+00d  [PresolveToFixPoint] #num_loops=1 #num_dual_strengthening=1   7.54e-03s  0.00e+00d  [ExpandObjective] #entries=1'475'996 #tight_variables=7'787 #tight_constraints=50 Presolve summary:  - 0 affine relations were detected.  - rule 'TODO linear2: contains a Boolean.' was applied 140 times.  - rule 'at_most_one: transformed into max clique.' was applied 1 time.  - rule 'bool_or: implications' was applied 70 times.  - rule 'deductions: 7247 stored' was applied 1 time.  - rule 'dual: fix variable' was applied 1 time.  - rule 'enforcement: false literal' was applied 2 times.  - rule 'enforcement: true literal' was applied 1 time.  - rule 'exactly_one: removed literals' was applied 2 times.  - rule 'exactly_one: simplified objective' was applied 8 times.  - rule 'linear1: x in domain' was applied 1 time.  - rule 'linear: always true' was applied 2'974 times.  - rule 'linear: extracted at most one (max).' was applied 11 times.  - rule 'linear: fixed or dup variables' was applied 2'978 times.  - rule 'linear: positive clause' was applied 70 times.  - rule 'linear: positive equal one' was applied 50 times.  - rule 'presolve: 3 unused variables removed.' was applied 1 time.  - rule 'presolve: iteration' was applied 3 times.  - rule 'setppc: removed dominated constraints' was applied 3 times.  - rule 'symmetry: fixed to false in general orbit' was applied 1 time.  - rule 'variables: detect half reified value encoding' was applied 2'973 times.Presolved optimization model '': (model_fingerprint: 0x4a31d335b6f57a5)
#Variables: 5'944 (#bools: 2'404 in objective) (5'925 primary variables)
  - 2'972 Booleans in [0,1]
  - 656 different domains in [0,52815] with a largest complexity of 1.
#kAtMostOne: 6 (#literals: 102)
#kBoolAnd: 70 (#enforced: 70) (#literals: 140)
#kCumulative: 6 (#intervals: 5'944, #optional: 5'944)
#kExactlyOne: 50 (#literals: 7'787)
#kInterval: 5'944 (#enforced: 5'944)
#kLinear1: 2'972 (#enforced: 2'972)
#kLinear2: 70 (#enforced: 70)
#kLinearN: 14 (#terms: 4'133)[Symmetry] Graph for symmetry has 27'344 nodes and 48'486 arcs.[Symmetry] Symmetry computation done. time: 0.00254846 dtime: 0.00566336Preloading model.#Bound   5.66s best:inf   next:[8,2412]   initial_domain#1       5.66s best:27    next:[8,26]     complete_hint#Model   5.67s var:5944/5944 constraints:9132/9132Starting search at 5.67s with 4 workers.3 full problem subsolvers: [core, default_lp, fixed]1 first solution subsolver: [fj]13 interleaved subsolvers: [feasibility_pump, graph_arc_lns, graph_cst_lns, graph_dec_lns, graph_var_lns, ls, rins/rens, rnd_cst_lns, rnd_var_lns, scheduling_intervals_lns, scheduling_precedences_lns, scheduling_resource_windows_lns, scheduling_time_window_lns]3 helper subsolvers: [neighborhood_helper, synchronization_agent, update_gap_integral]#2       8.13s best:26    next:[8,25]     scheduling_intervals_lns (d=7.07e-01 s=18 t=0.10 p=1.00 stall=1 h=base)#Bound   9.26s best:26    next:[13,25]    default_lp#Bound   9.29s best:26    next:[19,25]    default_lp#Bound   9.31s best:26    next:[21,25]    default_lp#3      12.26s best:25    next:[21,24]    rnd_cst_lns (d=4.62e-01 s=38 t=0.10 p=0.50 stall=2 h=base)#Model  16.39s var:5940/5944 constraints:9126/9132#Model  30.15s var:5936/5944 constraints:9120/9132#Model  51.85s var:5932/5944 constraints:9114/9132Task timing                                         n [     min,      max]      avg      dev     time         n [     min,      max]      avg      dev    dtime
                             'core':                1 [   1.16m,    1.16m]    1.16m   0.00ns    1.16m         1 [  11.36s,   11.36s]   11.36s   0.00ns   11.36s
                       'default_lp':                1 [   1.16m,    1.16m]    1.16m   0.00ns    1.16m         1 [  26.95s,   26.95s]   26.95s   0.00ns   26.95s
                 'feasibility_pump':                9 [ 37.20ms,    2.30s] 741.17ms 656.61ms    6.67s         8 [ 11.78ms,  38.24ms]  19.02ms   8.60ms 152.18ms
                            'fixed':                1 [   1.16m,    1.16m]    1.16m   0.00ns    1.16m         1 [  41.83s,   41.83s]   41.83s   0.00ns   41.83s
                               'fj':                0 [  0.00ns,   0.00ns]   0.00ns   0.00ns   0.00ns         0 [  0.00ns,   0.00ns]   0.00ns   0.00ns   0.00ns
                    'graph_arc_lns':               31 [ 28.94ms, 510.94ms] 209.01ms 146.39ms    6.48s        31 [ 60.45us, 100.29ms]  53.97ms  46.54ms    1.67s
                    'graph_cst_lns':               29 [ 14.91ms, 837.64ms] 231.54ms 186.85ms    6.71s        29 [350.00ns, 100.49ms]  55.45ms  46.30ms    1.61s
                    'graph_dec_lns':               30 [ 26.24ms, 700.90ms] 217.05ms 177.78ms    6.51s        30 [  6.26us, 100.83ms]  55.81ms  47.75ms    1.67s
                    'graph_var_lns':               32 [ 19.76ms, 566.80ms] 200.34ms 165.35ms    6.41s        32 [870.00ns, 100.50ms]  51.51ms  48.75ms    1.65s
                               'ls':        64 [-488221107.00ns, 526.00ms]  52.46ms  96.13ms    3.36s        64 [100.03ms, 121.61ms] 102.79ms   5.21ms    6.58s
                        'rins/rens':               13 [  7.28ms, 444.64ms] 144.62ms 161.05ms    1.88s        13 [ 80.00ns, 100.03ms]  46.21ms  49.81ms 600.73ms
                      'rnd_cst_lns':               29 [ 21.24ms, 913.31ms] 220.68ms 184.35ms    6.40s        29 [ 31.22us, 100.27ms]  60.37ms  47.07ms    1.75s
                      'rnd_var_lns':               36 [ 16.43ms, 546.85ms] 180.84ms 135.02ms    6.51s        36 [  1.66us, 100.26ms]  53.67ms  47.11ms    1.93s
         'scheduling_intervals_lns':               29 [ 69.14ms, 506.70ms] 224.85ms 124.63ms    6.52s        29 [249.77us, 100.38ms]  61.50ms  44.03ms    1.78s
       'scheduling_precedences_lns':               25 [ 26.49ms,    1.06s] 265.08ms 365.22ms    6.63s        24 [  8.60us, 101.08ms]  29.95ms  45.21ms 718.71ms
  'scheduling_resource_windows_lns':               64 [ 27.08ms,  75.22ms]  42.03ms  10.84ms    2.69s        64 [  5.48us,   7.36us]   6.06us 436.41ns 388.08us
       'scheduling_time_window_lns':               64 [ 23.52ms,  77.53ms]  39.19ms  10.52ms    2.51s        64 [  5.48us,   7.48us]   6.05us 513.08ns 386.93us
Search stats      Bools  Conflicts   Branches  Restarts   BoolPropag  IntegerPropag
        'core':   6'146     84'027  1'077'846    25'900   62'695'482     24'763'242
  'default_lp':  64'559     66'913    672'802    34'646  112'372'139     31'836'606
       'fixed':  40'980     69'197    118'692    11'889  208'063'250     14'407'877
SAT stats        ClassicMinim  LitRemoved  LitLearned  LitForgotten  Subsumed  MClauses  MDecisions  MLitTrue  MSubsumed  MLitRemoved  MReused
        'core':        63'763   2'762'389  16'722'183    13'410'248     1'330     4'470     170'559         0        765       29'330    3'625
  'default_lp':        19'296   1'607'974   3'543'201     3'154'275        66     2'673      67'590         0        146        1'153      367
       'fixed':        56'398   3'334'161   3'953'421     3'443'195       130         0           0         0          0            0        0
Lp stats         Component  Iterations  AddedCuts  OPTIMAL  DUAL_F.  DUAL_U.
  'default_lp':          1      97'717        642   14'806        0    1'155
       'fixed':          1     293'682        486   30'410        0    1'390
Lp dimension       Final dimension of first component
  'default_lp':   62 rows, 2972 columns, 9457 entries
       'fixed':  63 rows, 2972 columns, 11425 entries
Lp debug         CutPropag  CutEqPropag  Adjust  Overflow    Bad  BadScaling
  'default_lp':          0           60  13'053         0  3'653           0
       'fixed':          0           28  31'657         0  2'427           0
Lp pool          Constraints  Updates  Simplif  Merged  Shortened  Split  Strenghtened  Cuts/Call
  'default_lp':          715      166        0       0         22      0            32    642/895
       'fixed':          559      144        0       0          0      0             0    486/694
Lp Cut       fixed  default_lp
     CG_FF:     37          27
      CG_K:     14          12
     CG_KL:      -           1
      CG_R:     52          72
  MIR_1_FF:      6          13
   MIR_1_K:      1           3
  MIR_1_KL:      1           2
   MIR_1_R:     19          19
  MIR_2_FF:     35          46
   MIR_2_K:     13          19
  MIR_2_KL:      9          13
   MIR_2_R:     94         129
  MIR_3_FF:     58          54
   MIR_3_K:     11          10
  MIR_3_KL:      2           4
   MIR_3_R:     40          59
  MIR_4_FF:     11          20
   MIR_4_K:      3           3
  MIR_4_KL:      -           2
   MIR_4_R:     27          31
  MIR_5_FF:     17          28
   MIR_5_K:      3           6
  MIR_5_KL:      -           2
   MIR_5_R:     17          35
  MIR_6_FF:      6          13
   MIR_6_K:      1           5
  MIR_6_KL:      -           3
   MIR_6_R:      9          11
LNS stats                             Improv/Calls  Closed  Difficulty  TimeLimit
                    'graph_arc_lns':          2/31     52%    6.42e-01       0.10
                    'graph_cst_lns':          1/29     52%    6.50e-01       0.10
                    'graph_dec_lns':          2/30     50%    6.50e-01       0.10
                    'graph_var_lns':          2/32     50%    4.81e-01       0.10
                        'rins/rens':         10/13     54%    6.25e-01       0.10
                      'rnd_cst_lns':          2/29     48%    4.18e-01       0.10
                      'rnd_var_lns':          2/36     50%    5.86e-01       0.10
         'scheduling_intervals_lns':          3/29     48%    5.12e-01       0.10
       'scheduling_precedences_lns':          1/24     71%    9.85e-01       0.10
  'scheduling_resource_windows_lns':          0/64    100%    1.00e+00       0.10
       'scheduling_time_window_lns':          0/64    100%    1.00e+00       0.10
LS stats                                Batches  Restarts/Perturbs  LinMoves  GenMoves  CompoundMoves  Bactracks  WeightUpdates  ScoreComputed
                         'ls_restart':        4                  3     4'679         0              0          0          3'621        325'934
                'ls_restart_compound':        7                  5         0       138              0         65              0         13'968
        'ls_restart_compound_perturb':        2                  2         0        46              0         23              0          4'090
                   'ls_restart_decay':       18                 12    18'126         0              0          0          4'823      3'369'384
          'ls_restart_decay_compound':        3                  3         0        68              0         32              0          6'281
  'ls_restart_decay_compound_perturb':        8                  6         0       160              0         77              0         15'660
           'ls_restart_decay_perturb':        6                  5     5'912         0              0          0          1'639      1'094'669
                 'ls_restart_perturb':       16                  7    18'075         0              0          0         15'684      1'074'728
Solutions (3)                  Num   Rank
             'complete_hint':    1  [1,1]
               'rnd_cst_lns':    1  [3,3]
  'scheduling_intervals_lns':    1  [2,2]
Objective bounds     Num
      'default_lp':    3
  'initial_domain':    1
Solution repositories    Added  Queried  Synchro
  'feasible solutions':     66      816       40
   'fj solution hints':      0        0        0
        'lp solutions':      0        0        0
                'pump':     13       13
Improving bounds shared    Num  Sym
            'default_lp':   12    0
Clauses shared    Num
         'core':    5
        'fixed':    5
CpSolverResponse summary:
status: FEASIBLE
objective: 25
best_bound: 21
integers: 5994
booleans: 40980
conflicts: 69197
branches: 118692
propagations: 208063250
integer_propagations: 14407877
restarts: 11889
lp_iterations: 293682
walltime: 75.0624
usertime: 75.0624
deterministic_time: 101.923
gap_integral: 140.32
solution_fingerprint: 0x817ce60cfda461d5
