Starting CP-SAT solver v9.14.6206Parameters: random_seed: 26092511 max_time_in_seconds: 75 log_search_progress: true num_search_workers: 4 log_to_stdout: falseInitial optimization model '': (model_fingerprint: 0xd190665dcf387d80)
#Variables: 5'947 (#bools: 2'973 in objective) (5'928 primary variables)
  - 2'973 Booleans in [0,1]
  - 955 different domains in [0,185644] with a largest complexity of 1.
#kCumulative: 6 (#intervals: 5'946, #optional: 5'946)
#kInterval: 5'946 (#enforced: 5'946)
#kLinear1: 2'974 (#enforced: 2'973)
#kLinear2: 3'113 (#enforced: 3'043)
#kLinearN: 65 (#terms: 14'899)Starting presolve at 0.01sThe solution hint is complete and is feasible. Its objective value is 6.83501712e+10.  3.08e-03s  0.00e+00d  [DetectDominanceRelations]   6.86e-02s  0.00e+00d  [PresolveToFixPoint] #num_loops=3 #num_dual_strengthening=2   2.43e-04s  0.00e+00d  [ExtractEncodingFromLinear] #potential_supersets=50   7.78e-04s  0.00e+00d  [DetectDuplicateColumns]   2.71e-03s  0.00e+00d  [DetectDuplicateConstraints] [Symmetry] Graph for symmetry has 28'650 nodes and 53'974 arcs.[Symmetry] Symmetry computation done. time: 0.0040898 dtime: 0.0045211[SAT presolve] num removable Booleans: 0 / 2973[SAT presolve] num trivial clauses: 0[SAT presolve] [0s] clauses:70 literals:140 vars:113 one_side_vars:86 simple_definition:27 singleton_clauses:0[SAT presolve] [2.9767e-05s] clauses:70 literals:140 vars:113 one_side_vars:86 simple_definition:27 singleton_clauses:0[SAT presolve] [0.000100084s] clauses:70 literals:140 vars:113 one_side_vars:86 simple_definition:27 singleton_clauses:0  2.40e-03s  0.00e+00d  [DetectDuplicateConstraintsWithDifferentEnforcements]   1.49e+00s  5.43e-01d  [Probe] #probed=11'892 #new_bounds=1'301 #new_binary_clauses=9'590   1.33e-03s  5.11e-03d  [MaxClique] Merged 81(415 literals) into 79(389 literals) at_most_ones.   4.03e-03s  0.00e+00d  [DetectDominanceRelations]   7.15e-02s  0.00e+00d  [PresolveToFixPoint] #num_loops=2 #num_dual_strengthening=1   2.72e-03s  0.00e+00d  [ProcessAtMostOneAndLinear]   3.37e-03s  0.00e+00d  [DetectDuplicateConstraints]   3.40e-03s  0.00e+00d  [DetectDuplicateConstraintsWithDifferentEnforcements]   6.71e-04s  3.75e-05d  [DetectDominatedLinearConstraints] #relevant_constraints=15 #num_inclusions=4 #num_redundant=1   3.11e-04s  0.00e+00d  [DetectDifferentVariables]   1.08e-02s  2.35e-04d  [ProcessSetPPC] #relevant_constraints=144 #num_inclusions=74   2.19e-04s  0.00e+00d  [FindAlmostIdenticalLinearConstraints]   3.49e-02s  6.26e-02d  [FindBigAtMostOneAndLinearOverlap] #blocks=13 #saved_nz=1'556   8.32e-03s  2.39e-02d  [FindBigVerticalLinearOverlap]   4.54e-04s  3.47e-04d  [FindBigHorizontalLinearOverlap] #linears=15   9.42e-04s  0.00e+00d  [MergeClauses]   2.85e-03s  0.00e+00d  [DetectDominanceRelations]   6.04e-02s  0.00e+00d  [PresolveToFixPoint] #num_loops=2 #num_dual_strengthening=1   3.18e-03s  0.00e+00d  [DetectDominanceRelations]   1.05e-01s  0.00e+00d  [PresolveToFixPoint] #num_loops=1 #num_dual_strengthening=1   6.86e-04s  0.00e+00d  [DetectDuplicateColumns]   1.27e-02s  0.00e+00d  [DetectDuplicateConstraints] [Symmetry] Graph for symmetry has 27'394 nodes and 49'353 arcs.[Symmetry] Symmetry computation done. time: 0.0062846 dtime: 0.0043235[SAT presolve] num removable Booleans: 0 / 2986[SAT presolve] num trivial clauses: 0[SAT presolve] [0s] clauses:70 literals:140 vars:113 one_side_vars:86 simple_definition:27 singleton_clauses:0[SAT presolve] [3.1596e-05s] clauses:70 literals:140 vars:113 one_side_vars:86 simple_definition:27 singleton_clauses:0[SAT presolve] [0.000108125s] clauses:70 literals:140 vars:113 one_side_vars:86 simple_definition:27 singleton_clauses:0  2.27e-03s  0.00e+00d  [DetectDuplicateConstraintsWithDifferentEnforcements]   1.89e+00s  4.71e-01d  [Probe] #probed=11'918 #new_binary_clauses=10'132   8.66e-04s  2.52e-03d  [MaxClique]   1.68e-03s  0.00e+00d  [DetectDominanceRelations]   3.86e-02s  0.00e+00d  [PresolveToFixPoint] #num_loops=1 #num_dual_strengthening=1   1.34e-03s  0.00e+00d  [ProcessAtMostOneAndLinear]   2.50e-03s  0.00e+00d  [DetectDuplicateConstraints]   2.24e-03s  0.00e+00d  [DetectDuplicateConstraintsWithDifferentEnforcements]   1.71e-04s  1.72e-05d  [DetectDominatedLinearConstraints] #relevant_constraints=15   9.32e-05s  0.00e+00d  [DetectDifferentVariables]   5.88e-04s  5.06e-05d  [ProcessSetPPC] #relevant_constraints=154 #num_inclusions=10   1.17e-04s  0.00e+00d  [FindAlmostIdenticalLinearConstraints]   2.94e-02s  5.95e-02d  [FindBigAtMostOneAndLinearOverlap]   2.30e-03s  2.39e-02d  [FindBigVerticalLinearOverlap]   3.23e-04s  3.47e-04d  [FindBigHorizontalLinearOverlap] #linears=15   1.83e-04s  0.00e+00d  [MergeClauses]   1.67e-03s  0.00e+00d  [DetectDominanceRelations]   3.92e-02s  0.00e+00d  [PresolveToFixPoint] #num_loops=1 #num_dual_strengthening=1   5.85e-03s  0.00e+00d  [ExpandObjective] #entries=1'225'304 #tight_variables=7'815 #tight_constraints=63 Presolve summary:  - 0 affine relations were detected.  - rule 'TODO linear2: contains a Boolean.' was applied 140 times.  - rule 'at_most_one: transformed into max clique.' was applied 1 time.  - rule 'bool_or: implications' was applied 70 times.  - rule 'deductions: 7247 stored' was applied 1 time.  - rule 'dual: fix variable' was applied 1 time.  - rule 'exactly_one: simplified objective' was applied 41 times.  - rule 'linear inclusion: sparsify superset' was applied 1 time.  - rule 'linear matrix: common amo rectangle' was applied 13 times.  - rule 'linear1: x in domain' was applied 1 time.  - rule 'linear: always true' was applied 2'973 times.  - rule 'linear: extracted at most one (max).' was applied 11 times.  - rule 'linear: fixed or dup variables' was applied 2'976 times.  - rule 'linear: positive clause' was applied 70 times.  - rule 'linear: positive equal one' was applied 50 times.  - rule 'new_bool: with clause' was applied 13 times.  - rule 'objective: shifted cost with exactly ones' was applied 67 times.  - rule 'presolve: 1 unused variables removed.' was applied 1 time.  - rule 'presolve: iteration' was applied 2 times.  - rule 'setppc: exactly_one included in linear' was applied 8 times.  - rule 'setppc: reduced linear coefficients' was applied 8 times.  - rule 'setppc: removed dominated constraints' was applied 3 times.  - rule 'variables: detect half reified value encoding' was applied 2'973 times.Presolved optimization model '': (model_fingerprint: 0x2809cdcfebf8a750)
#Variables: 5'959 (#bools: 2'940 in objective) (5'928 primary variables)
  - 2'986 Booleans in [0,1]
  - 656 different domains in [0,54315] with a largest complexity of 1.
#kAtMostOne: 6 (#literals: 102)
#kBoolAnd: 70 (#enforced: 70) (#literals: 140)
#kCumulative: 6 (#intervals: 5'946, #optional: 5'946)
#kExactlyOne: 63 (#literals: 7'815)
#kInterval: 5'946 (#enforced: 5'946)
#kLinear1: 2'973 (#enforced: 2'973)
#kLinear2: 70 (#enforced: 70)
#kLinearN: 15 (#terms: 4'947)[Symmetry] Graph for symmetry has 27'393 nodes and 49'353 arcs.[Symmetry] Symmetry computation done. time: 0.00230437 dtime: 0.00432422Preloading model.#Bound   3.98s best:inf   next:[3.60888372e+10,6.50104596e+12] initial_domain#1       3.98s best:6.83501712e+10 next:[3.60888372e+10,6.83501712e+10] complete_hint#Model   3.99s var:5959/5959 constraints:9149/9149Starting search at 3.99s with 4 workers.3 full problem subsolvers: [core, default_lp, fixed]1 first solution subsolver: [fj]13 interleaved subsolvers: [feasibility_pump, graph_arc_lns, graph_cst_lns, graph_dec_lns, graph_var_lns, ls, rins/rens, rnd_cst_lns, rnd_var_lns, scheduling_intervals_lns, scheduling_precedences_lns, scheduling_resource_windows_lns, scheduling_time_window_lns]3 helper subsolvers: [neighborhood_helper, synchronization_agent, update_gap_integral]#2       4.24s best:6.81793733e+10 next:[3.60888372e+10,6.81793733e+10] rnd_cst_lns (d=5.00e-01 s=4 t=0.10 p=0.00 stall=0 h=base)#3       4.93s best:6.74195221e+10 next:[3.60888372e+10,6.74195221e+10] graph_arc_lns (d=5.00e-01 s=6 t=0.10 p=0.00 stall=0 h=base)#4       4.97s best:6.72772222e+10 next:[3.60888372e+10,6.72772222e+10] graph_cst_lns (d=5.00e-01 s=7 t=0.10 p=0.00 stall=0 h=base)#Bound   7.07s best:6.72772222e+10 next:[3.63504284e+10,6.72772222e+10] am1_presolve (num_literals=2940 num_am1=3 increase=261591168 work_done=34864)#Bound   7.16s best:6.72772222e+10 next:[4.68180374e+10,6.72772222e+10] default_lp#Bound   7.18s best:6.72772222e+10 next:[6.15438285e+10,6.72772222e+10] default_lp#Bound   7.20s best:6.72772222e+10 next:[6.3167945e+10,6.72772222e+10] default_lp#Bound   7.24s best:6.72772222e+10 next:[6.3291407e+10,6.72772222e+10] default_lp#Bound   7.28s best:6.72772222e+10 next:[6.33346648e+10,6.72772222e+10] default_lp#Model   7.30s var:5363/5959 constraints:8247/9149#Bound   7.36s best:6.72772222e+10 next:[6.34414325e+10,6.72772222e+10] default_lp#Bound   7.41s best:6.72772222e+10 next:[6.34775212e+10,6.72772222e+10] fixed#Bound   7.47s best:6.72772222e+10 next:[6.34843332e+10,6.72772222e+10] fixed#Model   7.50s var:5145/5959 constraints:7914/9149#Model   7.61s var:4973/5959 constraints:7656/9149#Model   9.55s var:4971/5959 constraints:7653/9149#Model   9.84s var:4967/5959 constraints:7647/9149#Model  10.83s var:4907/5959 constraints:7557/9149#Model  13.32s var:4901/5959 constraints:7548/9149#Model  13.58s var:4868/5959 constraints:7501/9149#5      13.87s best:6.72407319e+10 next:[6.34843332e+10,6.72407319e+10] graph_var_lns (d=5.54e-01 s=74 t=0.10 p=0.50 stall=4 h=base)#Model  14.02s var:4858/5959 constraints:7486/9149#Model  14.13s var:4854/5959 constraints:7480/9149#Model  14.23s var:4745/5959 constraints:7314/9149#Model  14.63s var:4725/5959 constraints:7284/9149#Model  14.74s var:4699/5959 constraints:7245/9149#Model  14.81s var:4609/5959 constraints:7110/9149#Model  19.15s var:4605/5959 constraints:7104/9149#Model  19.25s var:4567/5959 constraints:7047/9149#Model  19.87s var:4565/5959 constraints:7044/9149#6      20.49s best:6.71820839e+10 next:[6.34843332e+10,6.71820839e+10] rnd_cst_lns (d=7.08e-01 s=121 t=0.10 p=0.60 stall=9 h=base)#Model  20.64s var:4557/5959 constraints:7032/9149#7      21.71s best:6.70188183e+10 next:[6.34843332e+10,6.70188183e+10] rnd_var_lns (d=7.20e-01 s=134 t=0.10 p=0.56 stall=9 h=base)#Model  24.25s var:4527/5959 constraints:6987/9149#8      30.40s best:6.69670699e+10 next:[6.34843332e+10,6.69670699e+10] graph_dec_lns (d=8.24e-01 s=173 t=0.10 p=0.62 stall=0 h=base)#9      31.57s best:6.68711675e+10 next:[6.34843332e+10,6.68711675e+10] rnd_var_lns (d=7.20e-01 s=183 t=0.10 p=0.54 stall=3 h=base)#10     34.36s best:6.67502591e+10 next:[6.34843332e+10,6.67502591e+10] scheduling_intervals_lns (d=6.70e-01 s=201 t=0.10 p=0.54 stall=13 h=stalling)#11     35.23s best:6.67427435e+10 next:[6.34843332e+10,6.67427435e+10] rnd_cst_lns (d=6.92e-01 s=211 t=0.10 p=0.56 stall=7 h=base)#12     67.64s best:6.65518964e+10 next:[6.34843332e+10,6.65518964e+10] graph_cst_lns (d=6.97e-01 s=509 t=0.10 p=0.52 stall=11 h=stalling)Task timing                                         n [     min,      max]      avg      dev     time         n [     min,      max]      avg      dev    dtime
                             'core':                1 [   1.18m,    1.18m]    1.18m   0.00ns    1.18m         1 [  17.43s,   17.43s]   17.43s   0.00ns   17.43s
                       'default_lp':                1 [   1.18m,    1.18m]    1.18m   0.00ns    1.18m         1 [  18.94s,   18.94s]   18.94s   0.00ns   18.94s
                 'feasibility_pump':               70 [ 35.59us,    3.81s]  79.40ms 493.92ms    5.56s         2 [ 20.56ms,  32.44ms]  26.50ms   5.94ms  53.00ms
                            'fixed':                1 [   1.18m,    1.18m]    1.18m   0.00ns    1.18m         1 [   1.18m,    1.18m]    1.18m   0.00ns    1.18m
                               'fj':                0 [  0.00ns,   0.00ns]   0.00ns   0.00ns   0.00ns         0 [  0.00ns,   0.00ns]   0.00ns   0.00ns   0.00ns
                    'graph_arc_lns':               39 [ 17.92ms, 651.22ms] 186.65ms 137.98ms    7.28s        39 [  1.12us, 100.32ms]  55.18ms  46.61ms    2.15s
                    'graph_cst_lns':               35 [ 33.96ms, 626.08ms] 202.73ms 133.75ms    7.10s        35 [ 91.32us, 100.74ms]  60.74ms  43.48ms    2.13s
                    'graph_dec_lns':               37 [ 28.35ms, 449.95ms] 189.03ms 128.99ms    6.99s        37 [  6.05us, 100.28ms]  54.37ms  46.30ms    2.01s
                    'graph_var_lns':               35 [ 34.09ms, 510.34ms] 207.11ms 123.59ms    7.25s        35 [159.33us, 100.31ms]  61.68ms  44.91ms    2.16s
                               'ls':               70 [  1.77ms, 112.63ms]  45.25ms  42.44ms    3.17s        70 [100.03ms, 420.24ms] 115.40ms  45.53ms    8.08s
                        'rins/rens':                3 [  5.48ms, 291.53ms] 106.11ms 131.27ms 318.34ms         3 [  2.17us, 100.00ms]  33.39ms  47.10ms 100.18ms
                      'rnd_cst_lns':               43 [ 16.54ms, 499.19ms] 167.12ms 111.43ms    7.19s        43 [  1.93us, 100.29ms]  54.19ms  47.56ms    2.33s
                      'rnd_var_lns':               42 [ 31.93ms, 421.01ms] 172.74ms 107.09ms    7.25s        42 [  5.55us, 100.26ms]  54.64ms  46.86ms    2.30s
         'scheduling_intervals_lns':               36 [ 48.61ms, 584.01ms] 194.20ms 120.18ms    6.99s        36 [ 18.06us, 100.21ms]  53.87ms  46.69ms    1.94s
       'scheduling_precedences_lns':               28 [ 27.61ms,    1.04s] 251.86ms 313.32ms    7.05s        28 [  8.54us, 101.28ms]  36.15ms  47.90ms    1.01s
  'scheduling_resource_windows_lns':               70 [ 28.42ms,  53.70ms]  37.92ms   4.31ms    2.65s        70 [  4.88us,  10.40us]   6.17us 860.37ns 432.10us
       'scheduling_time_window_lns':        70 [-466410680.00ns,  53.06ms]  31.00ms  60.04ms    2.17s        70 [  4.76us,   9.18us]   6.14us 850.65ns 429.99us
Search stats      Bools  Conflicts  Branches  Restarts   BoolPropag  IntegerPropag
        'core':   5'962    111'419   999'207    37'668   97'555'464     32'998'343
  'default_lp':  61'215     63'430   748'469    31'188   78'959'952     21'139'761
       'fixed':  69'809    134'116   244'090    15'882  652'311'478     26'714'010
SAT stats        ClassicMinim  LitRemoved  LitLearned  LitForgotten  Subsumed  MClauses  MDecisions  MLitTrue  MSubsumed  MLitRemoved  MReused
        'core':        95'663   3'965'509   9'424'236     7'093'192     2'124    10'162     322'467         0      1'767       76'368    6'466
  'default_lp':        24'916     713'609   1'334'500     1'024'115        14     1'138      74'851         0         75        2'663      618
       'fixed':       133'537     910'060   1'727'509     1'246'077        43       123      13'119         0          4          101       12
Lp stats         Component  Iterations  AddedCuts  OPTIMAL  DUAL_F.  DUAL_U.
  'default_lp':          1      83'875        443   13'595        0    1'232
       'fixed':          1     160'516        311    9'318        0    1'735
Lp dimension        Final dimension of first component
  'default_lp':    79 rows, 2986 columns, 8659 entries
       'fixed':  102 rows, 2986 columns, 39634 entries
Lp debug         CutPropag  CutEqPropag  Adjust  Overflow    Bad  BadScaling
  'default_lp':          0           61  13'854         0  4'808           0
       'fixed':          0           36   9'489         0  1'723           0
Lp pool          Constraints  Updates  Simplif  Merged  Shortened  Split  Strenghtened  Cuts/Call
  'default_lp':          530      196    1'719       0      1'779      7            73    443/643
       'fixed':          398      110      444       0        459      0            53    311/485
Lp Cut           default_lp  fixed
         CG_FF:          40     34
          CG_K:          10      9
         CG_KL:           -      3
          CG_R:          89     35
      MIR_1_FF:          38     29
       MIR_1_K:           3      3
      MIR_1_KL:           8      3
       MIR_1_R:          27     20
      MIR_2_FF:          33     23
       MIR_2_K:           7      2
      MIR_2_KL:           6      1
       MIR_2_R:          55     40
      MIR_3_FF:          21     15
       MIR_3_K:           3      1
      MIR_3_KL:           1      1
       MIR_3_R:          27     24
      MIR_4_FF:          10      7
       MIR_4_K:           -      2
       MIR_4_R:          22     20
      MIR_5_FF:           4      5
      MIR_5_KL:           -      1
       MIR_5_R:          17     14
      MIR_6_FF:           2      6
      MIR_6_KL:           -      1
       MIR_6_R:          20     10
  ZERO_HALF_FF:           -      1
   ZERO_HALF_R:           -      1
LNS stats                             Improv/Calls  Closed  Difficulty  TimeLimit
                    'graph_arc_lns':          3/39     51%    6.51e-01       0.10
                    'graph_cst_lns':          3/35     51%    6.98e-01       0.10
                    'graph_dec_lns':          3/37     51%    7.27e-01       0.10
                    'graph_var_lns':          3/35     49%    5.78e-01       0.10
                        'rins/rens':           3/3     67%    6.92e-01       0.10
                      'rnd_cst_lns':          4/43     49%    5.19e-01       0.10
                      'rnd_var_lns':          4/42     52%    7.64e-01       0.10
         'scheduling_intervals_lns':          2/36     50%    6.08e-01       0.10
       'scheduling_precedences_lns':          1/28     64%    9.77e-01       0.10
  'scheduling_resource_windows_lns':          0/70    100%    1.00e+00       0.10
       'scheduling_time_window_lns':          0/70    100%    1.00e+00       0.10
LS stats                                Batches  Restarts/Perturbs  LinMoves  GenMoves  CompoundMoves  Bactracks  WeightUpdates  ScoreComputed
                         'ls_restart':        6                  6     3'602         0              0          0        202'159        314'669
                'ls_restart_compound':       10                  9         0        46             16         13         74'242         23'105
        'ls_restart_compound_perturb':        8                  8         0        50              8         20          2'746         19'785
                   'ls_restart_decay':       11                  7    10'507         0              0          0          3'338      2'381'665
          'ls_restart_decay_compound':        4                  4         0        20              6          6              0          9'917
  'ls_restart_decay_compound_perturb':       13                 11         0        64             25         17            160         38'840
           'ls_restart_decay_perturb':        9                  8     8'470         0              0          0          3'106      1'921'102
                 'ls_restart_perturb':        9                  9     2'169         1              0          0        456'235        252'534
Solutions (12)                 Num     Rank
             'complete_hint':    1    [1,1]
             'graph_arc_lns':    1    [3,3]
             'graph_cst_lns':    2   [4,12]
             'graph_dec_lns':    1    [8,8]
             'graph_var_lns':    1    [5,5]
               'rnd_cst_lns':    3   [2,11]
               'rnd_var_lns':    2    [7,9]
  'scheduling_intervals_lns':    1  [10,10]
Objective bounds     Num
    'am1_presolve':    1
      'default_lp':    6
           'fixed':    2
  'initial_domain':    1
Solution repositories    Added  Queried  Synchro
  'feasible solutions':     99      941       64
   'fj solution hints':      0        0        0
        'lp solutions':      0        0        0
                'pump':      3        3
Improving bounds shared      Num  Sym
            'default_lp':  1'134    0
                 'fixed':    298    0
Clauses shared    Num
         'core':    1
   'default_lp':    8
        'fixed':   31
CpSolverResponse summary:
status: FEASIBLE
objective: 66551896365
best_bound: 63484333242
integers: 6014
booleans: 61215
conflicts: 63430
branches: 748469
propagations: 78959952
integer_propagations: 21139761
restarts: 31188
lp_iterations: 83875
walltime: 75.0916
usertime: 75.0916
deterministic_time: 132.914
gap_integral: 2881.32
solution_fingerprint: 0xb329729474137d7b
