Warn about uninitialized values.
-- The CXX compiler identification is GNU 13.3.0
-- Detecting CXX compiler ABI info
-- Detecting CXX compiler ABI info - done
-- Check for working CXX compiler: /usr/bin/c++ - skipped
-- Detecting CXX compile features
-- Detecting CXX compile features - done
-- Using default output directory /home/ccc/projects/huawei-cup-d/external/ns-3.47/build
-- Performing Test GCC_WORKING_PEDANTIC_SEMICOLON
-- Performing Test GCC_WORKING_PEDANTIC_SEMICOLON - Success
-- CCache is enabled.
-- [33mProceeding without cmake-format[0m
-- Performing Test STACKTRACE_LIBRARY_ENABLED
-- Performing Test STACKTRACE_LIBRARY_ENABLED - Success
-- Performing Test STACKTRACE_LIBRARY_IS_LINKED
-- Performing Test STACKTRACE_LIBRARY_IS_LINKED - Success
-- Found Git: /usr/bin/git (found version "2.43.0") 
-- Found Python3: /usr/bin/python3 (found version "3.12.3") found components: Interpreter 
-- [33mPython: development libraries were not found[0m
-- [33mBoost was not found[0m
-- [33mdocs: doxygen documentation not enabled due to missing dependencies: doxygen dot dia[0m
-- Failed to locate sphinx-build executable (missing: SPHINX_EXECUTABLE) 
-- [33mdocs: sphinx documentation not enabled due to missing dependencies: Sphinx epstopdf pdflatex latexmk convert dvipng dia[0m
-- Performing Test HAVE_UINT128_T
-- Performing Test HAVE_UINT128_T - Failed
-- Performing Test HAVE___UINT128_T
-- Performing Test HAVE___UINT128_T - Success
-- Looking for C++ include sys/types.h
-- Looking for C++ include sys/types.h - found
-- Looking for C++ include sys/stat.h
-- Looking for C++ include sys/stat.h - found
-- Looking for C++ include dirent.h
-- Looking for C++ include dirent.h - found
-- Looking for C++ include signal.h
-- Looking for C++ include signal.h - found
-- Looking for C++ include netpacket/packet.h
-- Looking for C++ include netpacket/packet.h - found
-- Looking for getenv
-- Looking for getenv - found
-- Processing src/antenna
-- Performing Test HAVE_STD_BESSEL_FUNC
-- Performing Test HAVE_STD_BESSEL_FUNC - Success
-- Standard library Bessel function has been found
-- Processing src/aodv
-- Processing src/applications
-- Performing Test COMPILER_HAS_HIDDEN_VISIBILITY
-- Performing Test COMPILER_HAS_HIDDEN_VISIBILITY - Success
-- Performing Test COMPILER_HAS_HIDDEN_INLINE_VISIBILITY
-- Performing Test COMPILER_HAS_HIDDEN_INLINE_VISIBILITY - Success
-- Performing Test COMPILER_HAS_DEPRECATED_ATTR
-- Performing Test COMPILER_HAS_DEPRECATED_ATTR - Success
-- Processing src/bridge
-- Processing src/brite
-- [33mSkipping src/brite[0m
-- Processing src/buildings
-- Processing src/click
-- [33mSkipping src/click[0m
-- Processing src/config-store
-- Processing src/core
-- Looking for include files boost/units/quantity.hpp, boost/units/systems/si.hpp
-- Looking for include files boost/units/quantity.hpp, boost/units/systems/si.hpp - not found
-- Boost Units are an optional feature of length.cc.  Ubuntu ships it within the libboost-dev package.  You may need to clean up the CMake cache after installing it to pass this check.
-- Processing src/csma
-- Processing src/csma-layout
-- Processing src/dsdv
-- Processing src/dsr
-- Processing src/energy
-- Processing src/fd-net-device
-- Looking for C++ include net/ethernet.h
-- Looking for C++ include net/ethernet.h - found
-- Looking for C++ include netpacket/packet.h
-- Looking for C++ include netpacket/packet.h - found
-- Looking for C++ include net/if.h
-- Looking for C++ include net/if.h - found
-- Looking for C++ include linux/if_tun.h
-- Looking for C++ include linux/if_tun.h - found
-- Looking for C++ include net/netmap_user.h
-- Looking for C++ include net/netmap_user.h - not found
-- Looking for C++ include sys/ioctl.h
-- Looking for C++ include sys/ioctl.h - found
-- Found PkgConfig: /usr/bin/pkg-config (found version "1.8.1") 
-- Checking for module 'libdpdk'
--   Package 'libdpdk', required by 'virtual:world', not found
-- Processing src/flow-monitor
-- Processing src/internet
-- Processing src/internet-apps
-- Processing src/lr-wpan
-- Processing src/lte
-- Processing src/mesh
-- Processing src/mobility
-- Processing src/netanim
-- Processing src/network
-- Processing src/nix-vector-routing
-- Processing src/olsr
-- Processing src/openflow
-- [33mSkipping src/openflow[0m
-- Processing src/point-to-point
-- Processing src/point-to-point-layout
-- Processing src/propagation
-- Processing src/sixlowpan
-- Processing src/spectrum
-- Processing src/stats
-- Processing src/tap-bridge
-- Processing src/test
-- Processing src/topology-read
-- Processing src/traffic-control
-- Processing src/uan
-- Processing src/virtual-net-device
-- Processing src/wifi
-- Processing src/zigbee
-- ---- Summary of ns-3 settings:
Build profile                 : default
Build directory               : /home/ccc/projects/huawei-cup-d/external/ns-3.47/build
Build with runtime asserts    : [32mON[0m
Build with runtime logging    : [32mON[0m
Build version embedding       : OFF (not requested)
BRITE Integration             : [31mOFF (Missing headers: "Brite.h" and missing libraries: "brite")[0m
DES Metrics event collection  : OFF (not requested)
DPDK NetDevice                : OFF (not requested)
Emulation FdNetDevice         : [32mON[0m
Examples                      : [32mON[0m
File descriptor NetDevice     : [32mON[0m
GNU Scientific Library (GSL)  : [31mOFF (GSL was not found)[0m
GtkConfigStore                : [31mOFF (Harfbuzz is required by GTK3 and was not found)[0m
LibXml2 support               : [31mOFF (LibXML2 was not found)[0m
MPI Support                   : OFF (not requested)
ns-3 Click Integration        : [31mOFF (Missing headers: "simclick.h" and missing libraries: "nsclick click")[0m
ns-3 OpenFlow Integration     : [31mOFF (Missing headers: "openflow.h" and missing libraries: "openflow")[0m
Netmap emulation FdNetDevice  : [31mOFF (missing dependency)[0m
PyViz visualizer              : [31mOFF (Python Bindings are disabled)[0m
Python Bindings               : OFF (not requested)
SQLite support                : [31mOFF (missing dependency)[0m
Eigen3 support                : [31mOFF (Eigen was not found)[0m
Tap Bridge                    : [32mON[0m
Tap FdNetDevice               : [32mON[0m
Tests                         : [32mON[0m


Modules configured to be built:
antenna                   aodv                      applications              
bridge                    buildings                 config-store              
core                      csma                      csma-layout               
dsdv                      dsr                       energy                    
fd-net-device             flow-monitor              internet                  
internet-apps             lr-wpan                   lte                       
mesh                      mobility                  netanim                   
network                   nix-vector-routing        olsr                      
point-to-point            point-to-point-layout     propagation               
sixlowpan                 spectrum                  stats                     
tap-bridge                test                      topology-read             
traffic-control           uan                       virtual-net-device        
wifi                      zigbee                    

Modules that cannot be built:
brite                     click                     mpi                       
openflow                  visualizer                


-- Configuring done (2.8s)
-- Generating done (0.4s)
-- Build files have been written to: /home/ccc/projects/huawei-cup-d/external/ns-3.47/cmake-cache
Finished executing the following commands:
mkdir cmake-cache
/usr/bin/cmake -S /home/ccc/projects/huawei-cup-d/external/ns-3.47 -B /home/ccc/projects/huawei-cup-d/external/ns-3.47/cmake-cache -DCMAKE_BUILD_TYPE=default -DNS3_ASSERT=ON -DNS3_LOG=ON -DNS3_WARNINGS_AS_ERRORS=OFF -DNS3_NATIVE_OPTIMIZATIONS=OFF -DNS3_EXAMPLES=ON -DNS3_TESTS=ON -G Ninja --warn-uninitialized
