A03_Q3_001 NO_DOMINATOR_FOUND_IN_CONTAINED_CELL
A03 XB1_Q3_PENDING_INDEPENDENT_VALIDATION relay_sorties 7 shift 6691.857326491165
A03_Q3_002 DOMINATING_CANDIDATE_PENDING_INDEPENDENT_VALIDATION
A11_Q3_001 NO_DOMINATOR_FOUND_IN_CONTAINED_CELL
A11_Q3_002 NO_DOMINATOR_FOUND_IN_CONTAINED_CELL
A11 XB1_Q3_PENDING_INDEPENDENT_VALIDATION relay_sorties 5 shift 6091.3241847082345
A11_Q3_003 DOMINATING_CANDIDATE_PENDING_INDEPENDENT_VALIDATION
A11 XB1_Q3_PENDING_INDEPENDENT_VALIDATION relay_sorties 5 shift 13939.01139271452
A11_Q3_004 DOMINATING_CANDIDATE_PENDING_INDEPENDENT_VALIDATION
A11 XB1_Q3_PENDING_INDEPENDENT_VALIDATION relay_sorties 5 shift 11761.991227614406
A11_Q3_005 DOMINATING_CANDIDATE_PENDING_INDEPENDENT_VALIDATION
B01_Q3_001 NO_DOMINATOR_FOUND_IN_CONTAINED_CELL
B01 XB1_Q3_PENDING_INDEPENDENT_VALIDATION relay_sorties 6 shift 8169.683175978181
B01_Q3_002 DOMINATING_CANDIDATE_PENDING_INDEPENDENT_VALIDATION
B01 XB1_Q3_PENDING_INDEPENDENT_VALIDATION relay_sorties 6 shift 12628.31856377058
B01_Q3_003 DOMINATING_CANDIDATE_PENDING_INDEPENDENT_VALIDATION
B02_Q3_001 NO_DOMINATOR_FOUND_IN_CONTAINED_CELL
B02_Q3_002 NO_DOMINATOR_FOUND_IN_CONTAINED_CELL
B02_Q3_003 NO_DOMINATOR_FOUND_IN_CONTAINED_CELL
AN01 XB1_Q3_PENDING_INDEPENDENT_VALIDATION relay_sorties 6 shift 57633.29895847319
AN01_Q3_001 DOMINATING_CANDIDATE_PENDING_INDEPENDENT_VALIDATION
