TEMPLATE AN01 M001 True
TEMPLATE AN01 M002 True
TEMPLATE AN01 M003 True
TEMPLATE AN01 M004 True
TEMPLATE AN01 M005 False
TEMPLATE AN01 M006 True
TEMPLATE AN01 M007 True
TEMPLATE AN01 M008 False
TEMPLATE AN01 M009 True
TEMPLATE AN01 M010 True
TEMPLATE AN01 M011 True
TEMPLATE AN01 M012 True
TEMPLATE AN01 M013 True
TEMPLATE AN01 M014 True
TEMPLATE AN01 M015 True
TEMPLATE AN01 M016 True
TEMPLATE AN01 M017 True
TEMPLATE AN01 M018 True
TEMPLATE AN01 M019 True
TEMPLATE AN01 M020 True
TEMPLATE AN01 M021 True
TEMPLATE AN01 M022 True
TEMPLATE AN01 M023 True
TEMPLATE AN01 M024 True
TEMPLATE AN01 M025 True
POOL AN01 0 118
POOL AN01 20 118
POOL AN01 40 118
POOL AN01 60 118
POOL AN01 80 118
POOL AN01 100 118
AN01 XB1_Q3_PENDING_INDEPENDENT_VALIDATION relay_sorties 6 shift 58654.0224568676
{'status': 0, 'message': 'Optimization terminated successfully. (HiGHS Status 7: Optimal)', 'runtime_s': 1.807668088000014, 'groups': 6, 'objective': 0.0, 'dual_bound': 0.0, 'scope': 'JOINT_TYPED_RESOURCES_MILP', 'limit_s': 60, 'transport_resource_repair_passed': True, 'source': 'A11', 'target': 'AN01', 'changed_sorties': ['M005', 'M008'], 'all_transport_clocks_and_resources_released': True, 'relay_group_site_order_and_energy_rebuilt': True, 'dependency_neighborhood': [{'sorties': ['M005', 'M008'], 'shared_relay_site': 'E52_82c821a5773d0bfbe554f10a', 'active_communication_s': 1851.5713908253492, 'boxes': ['S003-FOD-01', 'S003-WAT-01', 'S005-FOD-01', 'S005-WAT-01'], 'feasible_local_pairs': 3, 'masks': 15}], 'domain': 'one selected two-sortie structure replacement; joint resource MILP, finite sites', 'global_optimum_proven': False, 'metrics': {'J_late': 0.0, 'J_norm': 0.49480710835552044, 'joint_makespan_s': np.float64(9765.405180051526), 'transport_energy_kwh': 66.65249201327232, 'relay_energy_kwh': 3.8109434447825117, 'total_energy_kwh': 70.46343545805483, 'transport_sorties': 25, 'relay_sorties': 6, 'total_transport_shift_s': 58654.0224568676, 'total_absolute_transport_shift_s': 58654.0224568676, 'max_transport_shift_s': 8029.3314237513, 'minimum_M_E_kwh': 1.1431686802358507}, 'dominates_source': False, 'source_metrics': {'J_late': 0.0, 'J_norm': 0.4673434992897176, 'joint_makespan_s': 7191.5822294705995, 'transport_energy_kwh': 67.38961978302869, 'relay_energy_kwh': 3.074615636843778, 'total_energy_kwh': 70.46423541987247, 'transport_sorties': 25, 'relay_sorties': 5, 'total_transport_shift_s': 2469.032084780407, 'total_absolute_transport_shift_s': 10853.94023918886, 'max_transport_shift_s': 2325.4969843784334, 'minimum_M_E_kwh': 1.60088415712142}}
