BUILD_PRIVATE_COMMUNICATION A03
A03 communication_templates
TEMPLATE A03 M001 False
TEMPLATE A03 M002 False
TEMPLATE A03 M003 False
TEMPLATE A03 M004 False
TEMPLATE A03 M005 False
TEMPLATE A03 M006 False
TEMPLATE A03 M007 False
TEMPLATE A03 M008 False
TEMPLATE A03 M009 False
TEMPLATE A03 M010 False
TEMPLATE A03 M011 False
TEMPLATE A03 M012 False
TEMPLATE A03 M013 False
TEMPLATE A03 M014 False
TEMPLATE A03 M015 False
TEMPLATE A03 M016 False
TEMPLATE A03 M017 False
TEMPLATE A03 M018 False
TEMPLATE A03 M019 False
A03 task_site_edges
MODEL_PASS A03 34 2808 9787 zero_warm 0
LP_BOUND A03 J_norm 0.24987523342587498
ANCHOR_DONE A03 J_norm UB None LB 0.24987523342587498 GAP None status 2
LP_BOUND A03 joint_makespan_s 8688.858063732405
ANCHOR_DONE A03 joint_makespan_s UB None LB 8688.858063732405 GAP None status 2
LP_BOUND A03 total_energy_kwh 62.666697754732574
ANCHOR_DONE A03 total_energy_kwh UB None LB 62.666697754732574 GAP None status 2
LP_BOUND A03 relay_sorties 4.999999999999999
ANCHOR_DONE A03 relay_sorties UB None LB 4.999999999999999 GAP None status 2
