BUILD_PRIVATE_COMMUNICATION A11
A11 communication_templates
TEMPLATE A11 M001 False
TEMPLATE A11 M002 False
TEMPLATE A11 M003 False
TEMPLATE A11 M004 False
TEMPLATE A11 M005 False
TEMPLATE A11 M006 False
TEMPLATE A11 M007 False
TEMPLATE A11 M008 False
TEMPLATE A11 M009 False
TEMPLATE A11 M010 False
TEMPLATE A11 M011 False
TEMPLATE A11 M012 False
TEMPLATE A11 M013 False
TEMPLATE A11 M014 False
TEMPLATE A11 M015 False
TEMPLATE A11 M016 False
TEMPLATE A11 M017 False
TEMPLATE A11 M018 False
TEMPLATE A11 M019 False
TEMPLATE A11 M020 False
TEMPLATE A11 M021 False
TEMPLATE A11 M022 False
TEMPLATE A11 M023 False
TEMPLATE A11 M024 False
TEMPLATE A11 M025 False
A11 task_site_edges
MODEL_PASS A11 44 4185 15021 zero_warm 27
LP_BOUND A11 J_norm 0.23660215997739695
A11 XB1_Q3_PENDING_INDEPENDENT_VALIDATION relay_sorties 5 shift 10968.531789113247
ANCHOR_DONE A11 J_norm UB 0.46302993000293485 LB 0.29121746632266987 GAP 0.3710612479827729 status 1
LP_BOUND A11 joint_makespan_s 6300.781643600972
A11 XB1_Q3_PENDING_INDEPENDENT_VALIDATION relay_sorties 5 shift 11701.739841245948
ANCHOR_DONE A11 joint_makespan_s UB 7013.0829460090135 LB 6300.7816436009725 GAP 0.10156750004124727 status 1
LP_BOUND A11 total_energy_kwh 69.53700685810045
A11 XB1_Q3_PENDING_INDEPENDENT_VALIDATION relay_sorties 4 shift 9865.706272279194
ANCHOR_DONE A11 total_energy_kwh UB 69.87430664086357 LB 69.87430664086102 GAP 3.640455435351023e-14 status 0
LP_BOUND A11 relay_sorties 3.9999999999999996
A11 XB1_Q3_PENDING_INDEPENDENT_VALIDATION relay_sorties 4 shift 5119.627283968264
ANCHOR_DONE A11 relay_sorties UB 4.0 LB 4.0 GAP 0.0 status 0
