BUILD_PRIVATE_COMMUNICATION AN01
AN01 communication_templates
TEMPLATE AN01 M001 False
TEMPLATE AN01 M002 False
TEMPLATE AN01 M003 False
TEMPLATE AN01 M004 False
TEMPLATE AN01 M005 False
TEMPLATE AN01 M006 False
TEMPLATE AN01 M007 False
TEMPLATE AN01 M008 False
TEMPLATE AN01 M009 False
TEMPLATE AN01 M010 False
TEMPLATE AN01 M011 False
TEMPLATE AN01 M012 False
TEMPLATE AN01 M013 False
TEMPLATE AN01 M014 False
TEMPLATE AN01 M015 False
TEMPLATE AN01 M016 False
TEMPLATE AN01 M017 False
TEMPLATE AN01 M018 False
TEMPLATE AN01 M019 False
TEMPLATE AN01 M020 False
TEMPLATE AN01 M021 False
TEMPLATE AN01 M022 False
TEMPLATE AN01 M023 False
TEMPLATE AN01 M024 False
TEMPLATE AN01 M025 False
AN01 task_site_edges
MODEL_PASS AN01 42 4105 14187 zero_warm 19
LP_BOUND AN01 J_norm 0.23622593871304703
ANCHOR_DONE AN01 J_norm UB 0.481975586528024 LB 0.23622593871304703 GAP 0.5098798667070829 status 1
LP_BOUND AN01 joint_makespan_s 8069.140623724704
ANCHOR_DONE AN01 joint_makespan_s UB 8653.014191459653 LB 8069.140623724704 GAP 0.06747632152403271 status 1
LP_BOUND AN01 total_energy_kwh 68.79987908834421
ANCHOR_DONE AN01 total_energy_kwh UB 69.93946010877801 LB 68.79987908834421 GAP 0.01629382066520653 status 2
LP_BOUND AN01 relay_sorties 3.9999999999999996
ANCHOR_DONE AN01 relay_sorties UB 4.0 LB 4.0 GAP 0.0 status 0
