26092512 A11 communication_templates
TEMPLATE A11 M001 False
TEMPLATE A11 M002 False
TEMPLATE A11 M003 False
TEMPLATE A11 M004 False
TEMPLATE A11 M005 False
TEMPLATE A11 M006 False
TEMPLATE A11 M007 False
TEMPLATE A11 M008 False
TEMPLATE A11 M009 False
TEMPLATE A11 M010 False
TEMPLATE A11 M011 False
TEMPLATE A11 M012 False
TEMPLATE A11 M013 False
TEMPLATE A11 M014 False
TEMPLATE A11 M015 False
TEMPLATE A11 M016 False
TEMPLATE A11 M017 False
TEMPLATE A11 M018 False
TEMPLATE A11 M019 False
TEMPLATE A11 M020 False
TEMPLATE A11 M021 False
TEMPLATE A11 M022 False
TEMPLATE A11 M023 False
TEMPLATE A11 M024 False
TEMPLATE A11 M025 False
26092512 A11 task_site_edges
26092512 AN01 communication_templates
TEMPLATE AN01 M001 False
TEMPLATE AN01 M002 False
TEMPLATE AN01 M003 False
TEMPLATE AN01 M004 False
TEMPLATE AN01 M005 False
TEMPLATE AN01 M006 False
TEMPLATE AN01 M007 False
TEMPLATE AN01 M008 False
TEMPLATE AN01 M009 False
TEMPLATE AN01 M010 False
TEMPLATE AN01 M011 False
TEMPLATE AN01 M012 False
TEMPLATE AN01 M013 False
TEMPLATE AN01 M014 False
TEMPLATE AN01 M015 False
TEMPLATE AN01 M016 False
TEMPLATE AN01 M017 False
TEMPLATE AN01 M018 False
TEMPLATE AN01 M019 False
TEMPLATE AN01 M020 False
TEMPLATE AN01 M021 False
TEMPLATE AN01 M022 False
TEMPLATE AN01 M023 False
TEMPLATE AN01 M024 False
TEMPLATE AN01 M025 False
26092512 AN01 task_site_edges
26092512 A03 communication_templates
TEMPLATE A03 M001 False
TEMPLATE A03 M002 False
TEMPLATE A03 M003 False
TEMPLATE A03 M004 False
TEMPLATE A03 M005 False
TEMPLATE A03 M006 False
TEMPLATE A03 M007 False
TEMPLATE A03 M008 False
TEMPLATE A03 M009 False
TEMPLATE A03 M010 False
TEMPLATE A03 M011 False
TEMPLATE A03 M012 False
TEMPLATE A03 M013 False
TEMPLATE A03 M014 False
TEMPLATE A03 M015 False
TEMPLATE A03 M016 False
TEMPLATE A03 M017 False
TEMPLATE A03 M018 False
TEMPLATE A03 M019 False
26092512 A03 task_site_edges
A11 XB1_Q3_PENDING_INDEPENDENT_VALIDATION relay_sorties 5 shift 2469.0320637804107
A11 XB1_Q3_PENDING_INDEPENDENT_VALIDATION relay_sorties 4 shift 834.7822804061566
AN01 XB1_Q3_PENDING_INDEPENDENT_VALIDATION relay_sorties 6 shift 57607.95518747319
AN01 XB1_Q3_PENDING_INDEPENDENT_VALIDATION relay_sorties 5 shift 55701.38698370905
A11 XB1_Q3_PENDING_INDEPENDENT_VALIDATION relay_sorties 4 shift 773.1720931688521
ANCHOR_DONE 26092512 J_norm 5
A11 XB1_Q3_PENDING_INDEPENDENT_VALIDATION relay_sorties 4 shift 814.2455800070311
A11 XB1_Q3_PENDING_INDEPENDENT_VALIDATION relay_sorties 4 shift 981.910966869933
AN01 XB1_Q3_PENDING_INDEPENDENT_VALIDATION relay_sorties 5 shift 55701.38698370905
AN01 XB1_Q3_PENDING_INDEPENDENT_VALIDATION relay_sorties 4 shift 54798.28442288525
A11 XB1_Q3_PENDING_INDEPENDENT_VALIDATION relay_sorties 4 shift 814.2455800070311
ANCHOR_DONE 26092512 joint_makespan_s 5
AN01 XB1_Q3_PENDING_INDEPENDENT_VALIDATION relay_sorties 4 shift 54747.02656947207
AN01 XB1_Q3_PENDING_INDEPENDENT_VALIDATION relay_sorties 4 shift 56191.18475687637
A03 XB1_Q3_PENDING_INDEPENDENT_VALIDATION relay_sorties 7 shift 4699.957104104505
A03 XB1_Q3_PENDING_INDEPENDENT_VALIDATION relay_sorties 6 shift 5786.787696404095
AN01 XB1_Q3_PENDING_INDEPENDENT_VALIDATION relay_sorties 4 shift 56200.84458686302
ANCHOR_DONE 26092512 total_energy_kwh 5
A11 XB1_Q3_PENDING_INDEPENDENT_VALIDATION relay_sorties 5 shift 2469.0321254759656
A11 XB1_Q3_PENDING_INDEPENDENT_VALIDATION relay_sorties 4 shift 1287.2650111111493
A03 XB1_Q3_PENDING_INDEPENDENT_VALIDATION relay_sorties 6 shift 5516.161348451662
A03 XB1_Q3_PENDING_INDEPENDENT_VALIDATION relay_sorties 5 shift 6022.22986418642
A11 XB1_Q3_PENDING_INDEPENDENT_VALIDATION relay_sorties 5 shift 2469.0321254759656
ANCHOR_DONE 26092512 transport_sorties 5
A11 XB1_Q3_PENDING_INDEPENDENT_VALIDATION relay_sorties 4 shift 855.9553639689059
A11 XB1_Q3_PENDING_INDEPENDENT_VALIDATION relay_sorties 4 shift 2417.653794774277
AN01 XB1_Q3_PENDING_INDEPENDENT_VALIDATION relay_sorties 4 shift 56261.67791593497
AN01 XB1_Q3_PENDING_INDEPENDENT_VALIDATION relay_sorties 4 shift 55634.051763081115
A11 XB1_Q3_PENDING_INDEPENDENT_VALIDATION relay_sorties 4 shift 855.9553639689059
ANCHOR_DONE 26092512 relay_sorties 5
