{
  "gate": "P1_BLOCKED",
  "formal_run_permitted": false,
  "performance_superiority_proven": false,
  "global_pareto_proven": false,
  "development_runs": 56,
  "verified_Q2_packages": 253,
  "verified_Q3_packages": 17,
  "history_preserved": true,
  "blockers": [
    {
      "id": "Q3_ARCHIVE_DRIVER_INCOMPLETE",
      "reason": "Q3驱动目前只执行三个固定分组请求与一个运输种子，尚未成为预算内多偏好档案生成器；运输架次和中继架次偏好尚未驱动整体候选生成/选择。三条流程原型与向量工具测试不能替代该项集成。"
    },
    {
      "id": "FORMAL_CALIBRATION_FREEZE",
      "reason": "已生成具体开发归一化与预算数值，但应在Q3多偏好驱动准入后才能正式冻结；600秒Q3正式预算尚未确认。本轮不以有限请求提前结束的用时宣称完整档案预算已校准。"
    }
  ],
  "stop_after_this_preflight": true
}
