READMITTED A11_Q3_001 zero_late True
Traceback (most recent call last):
  File "<frozen runpy>", line 198, in _run_module_as_main
  File "<frozen runpy>", line 88, in _run_code
  File "/home/ccc/projects/uav-logistics-comms/src/bench_p1_3a/admit.py", line 59, in <module>
    if __name__=='__main__':main()
                            ^^^^^^
  File "/home/ccc/projects/uav-logistics-comms/src/bench_p1_3a/admit.py", line 53, in main
    write(OUT/'warm_readmission.json',records)
  File "/home/ccc/projects/uav-logistics-comms/src/bench_p1/common.py", line 14, in write
    tmp.write_text(json.dumps(value,ensure_ascii=False,indent=2,allow_nan=False)+'\n')
                   ^^^^^^^^^^^^^^^^^^^^^^^^^^^^^^^^^^^^^^^^^^^^^^^^^^^^^^^^^^^^^
  File "/usr/lib/python3.12/json/__init__.py", line 238, in dumps
    **kw).encode(obj)
          ^^^^^^^^^^^
  File "/usr/lib/python3.12/json/encoder.py", line 202, in encode
    chunks = list(chunks)
             ^^^^^^^^^^^^
  File "/usr/lib/python3.12/json/encoder.py", line 430, in _iterencode
    yield from _iterencode_list(o, _current_indent_level)
  File "/usr/lib/python3.12/json/encoder.py", line 326, in _iterencode_list
    yield from chunks
  File "/usr/lib/python3.12/json/encoder.py", line 406, in _iterencode_dict
    yield from chunks
  File "/usr/lib/python3.12/json/encoder.py", line 439, in _iterencode
    o = _default(o)
        ^^^^^^^^^^^
  File "/usr/lib/python3.12/json/encoder.py", line 180, in default
    raise TypeError(f'Object of type {o.__class__.__name__} '
TypeError: Object of type bool is not JSON serializable
