Starting CP-SAT solver v9.14.6206Parameters: random_seed: 26092511 max_time_in_seconds: 180 log_search_progress: true num_search_workers: 4 log_to_stdout: falseInitial optimization model '': (model_fingerprint: 0xf74b2b8da06fa970)
#Variables: 5'947 (#ints: 1 in objective) (5'928 primary variables)
  - 2'973 Booleans in [0,1]
  - 955 different domains in [0,185644] with a largest complexity of 1.
#kCumulative: 6 (#intervals: 5'946, #optional: 5'946)
#kInterval: 5'946 (#enforced: 5'946)
#kLinear1: 2'973 (#enforced: 2'973)
#kLinear2: 3'113 (#enforced: 3'043)
#kLinearN: 64 (#terms: 11'926)Starting presolve at 0.01sThe solution hint is complete and is feasible. Its objective value is 64127.  1.32e-03s  0.00e+00d  [DetectDominanceRelations]   4.31e-02s  0.00e+00d  [PresolveToFixPoint] #num_loops=2 #num_dual_strengthening=1   1.33e-04s  0.00e+00d  [ExtractEncodingFromLinear] #potential_supersets=50   3.28e-04s  0.00e+00d  [DetectDuplicateColumns]   1.51e-03s  0.00e+00d  [DetectDuplicateConstraints] [Symmetry] Graph for symmetry has 33'226 nodes and 60'226 arcs.[Symmetry] Symmetry computation done. time: 0.00471276 dtime: 0.00714112[SAT presolve] num removable Booleans: 0 / 2973[SAT presolve] num trivial clauses: 0[SAT presolve] [0s] clauses:70 literals:140 vars:113 one_side_vars:86 simple_definition:27 singleton_clauses:0[SAT presolve] [1.6209e-05s] clauses:70 literals:140 vars:113 one_side_vars:86 simple_definition:27 singleton_clauses:0[SAT presolve] [6.1746e-05s] clauses:70 literals:140 vars:113 one_side_vars:86 simple_definition:27 singleton_clauses:0  2.07e-03s  0.00e+00d  [DetectDuplicateConstraintsWithDifferentEnforcements]   1.16e+00s  4.95e-01d  [Probe] #probed=11'892 #new_binary_clauses=9'590   1.05e-03s  5.11e-03d  [MaxClique] Merged 81(415 literals) into 79(389 literals) at_most_ones.   1.42e-03s  0.00e+00d  [DetectDominanceRelations]   3.47e-02s  0.00e+00d  [PresolveToFixPoint] #num_loops=1 #num_dual_strengthening=1   1.26e-03s  0.00e+00d  [ProcessAtMostOneAndLinear]   1.51e-03s  0.00e+00d  [DetectDuplicateConstraints]   2.04e-03s  0.00e+00d  [DetectDuplicateConstraintsWithDifferentEnforcements]   1.49e-04s  1.46e-05d  [DetectDominatedLinearConstraints] #relevant_constraints=14   2.09e-04s  0.00e+00d  [DetectDifferentVariables]   5.56e-04s  4.71e-05d  [ProcessSetPPC] #relevant_constraints=143 #num_inclusions=18   7.40e-05s  0.00e+00d  [FindAlmostIdenticalLinearConstraints]   2.50e-02s  5.50e-02d  [FindBigAtMostOneAndLinearOverlap]   2.07e-03s  2.08e-02d  [FindBigVerticalLinearOverlap]   1.30e-04s  2.68e-04d  [FindBigHorizontalLinearOverlap] #linears=14   6.99e-05s  0.00e+00d  [MergeClauses]   1.25e-03s  0.00e+00d  [DetectDominanceRelations]   3.40e-02s  0.00e+00d  [PresolveToFixPoint] #num_loops=1 #num_dual_strengthening=1   1.39e-03s  0.00e+00d  [DetectDominanceRelations]   3.30e-02s  0.00e+00d  [PresolveToFixPoint] #num_loops=1 #num_dual_strengthening=1   5.41e-04s  0.00e+00d  [DetectDuplicateColumns]   1.63e-03s  0.00e+00d  [DetectDuplicateConstraints] [Symmetry] Graph for symmetry has 33'232 nodes and 60'328 arcs.[Symmetry] Symmetry computation done. time: 0.00333539 dtime: 0.007155[SAT presolve] num removable Booleans: 0 / 2973[SAT presolve] num trivial clauses: 0[SAT presolve] [0s] clauses:70 literals:140 vars:113 one_side_vars:86 simple_definition:27 singleton_clauses:0[SAT presolve] [1.8811e-05s] clauses:70 literals:140 vars:113 one_side_vars:86 simple_definition:27 singleton_clauses:0[SAT presolve] [6.4254e-05s] clauses:70 literals:140 vars:113 one_side_vars:86 simple_definition:27 singleton_clauses:0  1.75e-03s  0.00e+00d  [DetectDuplicateConstraintsWithDifferentEnforcements]   1.61e+00s  4.95e-01d  [Probe] #probed=11'892 #new_binary_clauses=9'590   5.68e-04s  2.49e-03d  [MaxClique]   1.33e-03s  0.00e+00d  [DetectDominanceRelations]   3.39e-02s  0.00e+00d  [PresolveToFixPoint] #num_loops=1 #num_dual_strengthening=1   1.35e-03s  0.00e+00d  [ProcessAtMostOneAndLinear]   1.60e-03s  0.00e+00d  [DetectDuplicateConstraints]   1.74e-03s  0.00e+00d  [DetectDuplicateConstraintsWithDifferentEnforcements]   3.73e-04s  1.46e-05d  [DetectDominatedLinearConstraints] #relevant_constraints=14   4.25e-04s  0.00e+00d  [DetectDifferentVariables]   5.72e-04s  4.49e-05d  [ProcessSetPPC] #relevant_constraints=140 #num_inclusions=10   8.50e-05s  0.00e+00d  [FindAlmostIdenticalLinearConstraints]   2.59e-02s  5.50e-02d  [FindBigAtMostOneAndLinearOverlap]   2.86e-03s  2.08e-02d  [FindBigVerticalLinearOverlap]   1.35e-04s  2.68e-04d  [FindBigHorizontalLinearOverlap] #linears=14   7.48e-05s  0.00e+00d  [MergeClauses]   1.27e-03s  0.00e+00d  [DetectDominanceRelations]   3.32e-02s  0.00e+00d  [PresolveToFixPoint] #num_loops=1 #num_dual_strengthening=1   5.42e-03s  0.00e+00d  [ExpandObjective] #entries=1'477'058 #tight_variables=7'789 #tight_constraints=50 Presolve summary:  - 0 affine relations were detected.  - rule 'TODO dual: only one unspecified blocking constraint?' was applied 6 times.  - rule 'TODO linear2: contains a Boolean.' was applied 140 times.  - rule 'at_most_one: transformed into max clique.' was applied 1 time.  - rule 'bool_or: implications' was applied 70 times.  - rule 'deductions: 5946 stored' was applied 1 time.  - rule 'linear: extracted at most one (max).' was applied 11 times.  - rule 'linear: positive clause' was applied 70 times.  - rule 'linear: positive equal one' was applied 50 times.  - rule 'presolve: 0 unused variables removed.' was applied 1 time.  - rule 'presolve: iteration' was applied 2 times.  - rule 'setppc: removed dominated constraints' was applied 3 times.  - rule 'variables: detect half reified value encoding' was applied 2'973 times.Presolved optimization model '': (model_fingerprint: 0x4cd91d493de53e72)
#Variables: 5'947 (#ints: 1 in objective) (5'928 primary variables)
  - 2'973 Booleans in [0,1]
  - 955 different domains in [0,185644] with a largest complexity of 1.
#kAtMostOne: 6 (#literals: 102)
#kBoolAnd: 70 (#enforced: 70) (#literals: 140)
#kCumulative: 6 (#intervals: 5'946, #optional: 5'946)
#kExactlyOne: 50 (#literals: 7'789)
#kInterval: 5'946 (#enforced: 5'946)
#kLinear1: 2'973 (#enforced: 2'973)
#kLinear2: 3'043 (#enforced: 3'043)
#kLinearN: 14 (#terms: 4'137)[Symmetry] Graph for symmetry has 33'232 nodes and 60'328 arcs.[Symmetry] Symmetry computation done. time: 0.00360271 dtime: 0.007155Preloading model.#Bound   3.11s best:inf   next:[0,185644] initial_domain#1       3.11s best:64127 next:[0,64126]  complete_hint#Model   3.11s var:5947/5947 constraints:12108/12108Starting search at 3.11s with 4 workers.3 full problem subsolvers: [default_lp, fixed, no_lp]1 first solution subsolver: [fj]13 interleaved subsolvers: [feasibility_pump, graph_arc_lns, graph_cst_lns, graph_dec_lns, graph_var_lns, ls, rins/rens, rnd_cst_lns, rnd_var_lns, scheduling_intervals_lns, scheduling_precedences_lns, scheduling_resource_windows_lns, scheduling_time_window_lns]3 helper subsolvers: [neighborhood_helper, synchronization_agent, update_gap_integral]#2       3.22s best:63475 next:[0,63474]  rnd_cst_lns (d=5.00e-01 s=4 t=0.10 p=0.00 stall=0 h=base)#3       3.30s best:62771 next:[0,62770]  graph_arc_lns (d=5.00e-01 s=6 t=0.10 p=0.00 stall=0 h=base)#4       3.76s best:62762 next:[0,62761]  scheduling_intervals_lns (d=5.00e-01 s=9 t=0.10 p=0.00 stall=0 h=base)#5       4.11s best:62367 next:[0,62366]  rnd_cst_lns (d=7.07e-01 s=16 t=0.10 p=1.00 stall=0 h=base)#6       5.59s best:62289 next:[0,62288]  graph_arc_lns (d=7.07e-01 s=18 t=0.10 p=1.00 stall=0 h=base)#Bound   6.25s best:62289 next:[19606,62288] no_lp (initial_propagation)#Bound   6.37s best:62289 next:[19803,62288] fixed#Bound   6.40s best:62289 next:[55351,62288] fixed#Bound   6.42s best:62289 next:[55897,62288] fixed#Bound   6.44s best:62289 next:[55964,62288] default_lp#Bound   6.50s best:62289 next:[55966,62288] fixed#Bound   6.50s best:62289 next:[56002,62288] default_lp#Bound   6.58s best:62289 next:[56008,62288] default_lp#Bound   6.73s best:62289 next:[56017,62288] default_lp#Bound   6.85s best:62289 next:[56020,62288] default_lp#Bound   7.02s best:62289 next:[56024,62288] default_lp#7       7.16s best:62101 next:[56024,62100] graph_cst_lns (d=7.07e-01 s=19 t=0.10 p=1.00 stall=1 h=base)#Bound   7.34s best:62101 next:[56026,62100] default_lp#Bound   7.47s best:62101 next:[56037,62100] default_lp#8       7.65s best:62048 next:[56037,62047] graph_dec_lns (d=7.07e-01 s=20 t=0.10 p=1.00 stall=1 h=base)#9       7.78s best:61518 next:[56037,61517] scheduling_precedences_lns (d=7.07e-01 s=23 t=0.10 p=1.00 stall=1 h=base)#10      9.81s best:61302 next:[56037,61301] scheduling_precedences_lns (d=8.14e-01 s=33 t=0.10 p=1.00 stall=0 h=base)#11     13.49s best:61301 next:[56037,61300] graph_var_lns (d=7.70e-01 s=79 t=0.10 p=0.67 stall=0 h=base) [hint]#12     13.63s best:61012 next:[56037,61011] scheduling_intervals_lns (d=4.81e-01 s=80 t=0.10 p=0.50 stall=0 h=base)Task timing                                         n [     min,      max]      avg      dev     time         n [     min,      max]      avg      dev    dtime
                       'default_lp':                1 [   2.95m,    2.95m]    2.95m   0.00ns    2.95m         1 [   1.45m,    1.45m]    1.45m   0.00ns    1.45m
                 'feasibility_pump':              182 [ 59.52us, 759.42ms]  98.68ms 185.26ms   17.96s        42 [ 10.19ms,  22.96ms]  11.47ms   1.89ms 481.76ms
                            'fixed':                1 [   2.95m,    2.95m]    2.95m   0.00ns    2.95m         1 [   1.55m,    1.55m]    1.55m   0.00ns    1.55m
                               'fj':                0 [  0.00ns,   0.00ns]   0.00ns   0.00ns   0.00ns         0 [  0.00ns,   0.00ns]   0.00ns   0.00ns   0.00ns
                    'graph_arc_lns':               73 [ 12.52ms,    1.21s] 248.41ms 229.79ms   18.13s        73 [160.00ns, 100.17ms]  55.66ms  47.84ms    4.06s
                    'graph_cst_lns':               58 [ 19.47ms,    1.58s] 314.70ms 288.37ms   18.25s        58 [240.00ns, 100.32ms]  61.06ms  46.49ms    3.54s
                    'graph_dec_lns':               98 [ 18.79ms, 656.69ms] 186.21ms 139.55ms   18.25s        98 [220.00ns, 100.25ms]  55.59ms  47.06ms    5.45s
                    'graph_var_lns':               91 [ 15.52ms, 527.72ms] 202.58ms 145.65ms   18.43s        91 [160.00ns, 100.33ms]  56.28ms  46.32ms    5.12s
                               'ls':              182 [  1.26ms,  98.11ms]  10.28ms  16.77ms    1.87s       182 [100.09ms,    3.64s]    3.20s    1.05s    9.70m
                            'no_lp':                1 [   2.95m,    2.95m]    2.95m   0.00ns    2.95m         1 [  51.99s,   51.99s]   51.99s   0.00ns   51.99s
                        'rins/rens':              182 [353.28us, 127.46ms]   3.37ms  16.44ms 612.59ms         5 [100.01ms, 100.10ms] 100.04ms  27.49us 500.22ms
                      'rnd_cst_lns':        73 [-432458527.00ns, 667.23ms] 249.60ms 202.80ms   18.22s        73 [160.00ns, 100.26ms]  58.39ms  45.03ms    4.26s
                      'rnd_var_lns':               93 [ 14.51ms, 672.25ms] 195.28ms 163.55ms   18.16s        93 [240.00ns, 100.37ms]  53.80ms  48.10ms    5.00s
         'scheduling_intervals_lns':               95 [  3.20ms, 544.88ms] 190.87ms 125.07ms   18.13s        93 [220.00ns, 100.25ms]  57.26ms  46.06ms    5.33s
       'scheduling_precedences_lns':               56 [  2.74ms,    1.83s] 337.98ms 447.31ms   18.93s        49 [610.00ns, 100.10ms]  40.85ms  49.18ms    2.00s
  'scheduling_resource_windows_lns':              182 [  2.83ms,  59.06ms]  26.98ms  14.57ms    4.91s       135 [450.00ns,   6.72us] 877.02ns   1.25us 118.40us
       'scheduling_time_window_lns':              182 [  2.79ms,  58.50ms]  25.77ms  15.38ms    4.69s       127 [450.00ns,   6.69us] 904.52ns   1.32us 114.87us
Search stats      Bools  Conflicts   Branches  Restarts   BoolPropag  IntegerPropag
  'default_lp':  98'253     97'742  1'710'498    54'038  446'170'186     69'103'751
       'fixed':  42'395    150'210    239'253    11'893  494'214'248     25'150'964
       'no_lp':   5'966    407'440  1'802'831    73'975  162'337'855    213'566'224
SAT stats        ClassicMinim  LitRemoved  LitLearned  LitForgotten  Subsumed  MClauses  MDecisions  MLitTrue  MSubsumed  MLitRemoved  MReused
  'default_lp':        22'709   2'161'840   2'840'145     2'131'957        38     2'324      90'144         0      1'473       10'968      296
       'fixed':       105'005  24'028'269  13'575'969    10'724'526       855         0           0         0          0            0        0
       'no_lp':       355'340  33'088'460  60'573'543    55'300'971     6'008    13'361     526'800         0      1'458       60'203   12'267
Lp stats         Component  Iterations  AddedCuts  OPTIMAL  DUAL_F.  DUAL_U.
  'default_lp':          1     130'161        608   27'948        0    2'533
       'fixed':          1     677'379        785   49'313        0   23'964
Lp dimension       Final dimension of first component
  'default_lp':  67 rows, 2974 columns, 12082 entries
       'fixed':  69 rows, 2974 columns, 12537 entries
Lp debug         CutPropag  CutEqPropag  Adjust  Overflow    Bad  BadScaling
  'default_lp':          0          161   2'215         0  4'367           0
       'fixed':          0           75  21'939         0  3'181           0
Lp pool          Constraints  Updates  Simplif  Merged  Shortened  Split  Strenghtened  Cuts/Call
  'default_lp':          684      314      523       0          0     44         4'240    608/937
       'fixed':          861      254    1'359       0          0     15        34'972  785/1'155
Lp Cut           default_lp  fixed
         CG_FF:          66     71
          CG_K:          33     42
         CG_KL:           1      1
          CG_R:         100     87
            IB:          41     93
      MIR_1_FF:          23     52
       MIR_1_K:           8     22
      MIR_1_KL:           -      1
       MIR_1_R:          47     41
      MIR_2_FF:          23     44
       MIR_2_K:           6     26
       MIR_2_R:          89     71
      MIR_3_FF:          54     73
       MIR_3_K:           6     18
       MIR_3_R:          37     44
      MIR_4_FF:          14     23
       MIR_4_K:           2      7
       MIR_4_R:          13     17
      MIR_5_FF:          18     15
       MIR_5_K:           1      5
       MIR_5_R:          10     12
      MIR_6_FF:           5      8
       MIR_6_K:           1      3
       MIR_6_R:           5      4
  ZERO_HALF_FF:           3      3
   ZERO_HALF_K:           -      1
   ZERO_HALF_R:           2      1
LNS stats                             Improv/Calls  Closed  Difficulty  TimeLimit
                    'graph_arc_lns':         73/73     49%    5.89e-01       0.10
                    'graph_cst_lns':         57/58     48%    5.47e-01       0.10
                    'graph_dec_lns':         96/98     50%    6.46e-01       0.10
                    'graph_var_lns':         86/91     49%    5.98e-01       0.10
                        'rins/rens':           5/5      0%    6.07e-02       0.10
                      'rnd_cst_lns':         72/73     51%    6.35e-01       0.10
                      'rnd_var_lns':         91/93     49%    5.91e-01       0.10
         'scheduling_intervals_lns':         90/93     49%    4.76e-01       0.10
       'scheduling_precedences_lns':         43/49     59%    9.83e-01       0.10
  'scheduling_resource_windows_lns':       128/135    100%    1.00e+00       0.10
       'scheduling_time_window_lns':       120/127    100%    1.00e+00       0.10
LS stats                                Batches  Restarts/Perturbs  LinMoves  GenMoves  CompoundMoves  Bactracks  WeightUpdates  ScoreComputed
                         'ls_restart':       17                  9       103         0              0          0         40'257        776'897
                'ls_restart_compound':       29                 11         0        19              7          4              5      1'207'036
        'ls_restart_compound_perturb':       31                 14         0        18             13          2             10      1'376'770
                   'ls_restart_decay':       26                 12     3'678         0              0          0          5'200      2'156'054
          'ls_restart_decay_compound':       15                  9         0         0              0          0              1        753'441
  'ls_restart_decay_compound_perturb':       14                 10         0         8              4          1              0        653'583
           'ls_restart_decay_perturb':       24                 14       556         0              0          0            895      1'333'177
                 'ls_restart_perturb':       26                 11        38         0              0          0         21'205      1'270'576
Solutions (12)                   Num     Rank
               'complete_hint':    1    [1,1]
               'graph_arc_lns':    2    [3,6]
               'graph_cst_lns':    1    [7,7]
               'graph_dec_lns':    1    [8,8]
               'graph_var_lns':    1  [11,11]
                 'rnd_cst_lns':    2    [2,5]
    'scheduling_intervals_lns':    2   [4,12]
  'scheduling_precedences_lns':    2   [9,10]
Objective bounds     Num
      'default_lp':    8
           'fixed':    4
  'initial_domain':    1
           'no_lp':    1
Solution repositories    Added  Queried  Synchro
  'feasible solutions':     13    2'600       13
   'fj solution hints':      0        0        0
        'lp solutions':      0        0        0
                'pump':    731      182
Improving bounds shared      Num  Sym
            'default_lp':  1'308    0
                 'fixed':      4    0
                 'no_lp':  5'209    0
Clauses shared    Num
        'fixed':    1
        'no_lp':   24
CpSolverResponse summary:
status: FEASIBLE
objective: 61012
best_bound: 56037
integers: 6037
booleans: 98253
conflicts: 97742
branches: 1710498
propagations: 446170186
integer_propagations: 69103751
restarts: 54038
lp_iterations: 130161
walltime: 180.054
usertime: 180.054
deterministic_time: 850.767
gap_integral: 7243.53
solution_fingerprint: 0x5dd24d3b606f73e4
