C01 communication_templates
TEMPLATE C01 M001 False
TEMPLATE C01 M002 False
TEMPLATE C01 M003 False
TEMPLATE C01 M004 False
TEMPLATE C01 M005 False
TEMPLATE C01 M006 False
TEMPLATE C01 M007 False
TEMPLATE C01 M008 False
TEMPLATE C01 M009 False
TEMPLATE C01 M010 False
TEMPLATE C01 M011 False
TEMPLATE C01 M012 False
TEMPLATE C01 M013 False
TEMPLATE C01 M014 False
TEMPLATE C01 M015 False
TEMPLATE C01 M016 False
TEMPLATE C01 M017 False
TEMPLATE C01 M018 False
TEMPLATE C01 M019 False
C01 task_site_edges
C01 XB1_Q3_PENDING_INDEPENDENT_VALIDATION relay_sorties 4 shift 20860.985311627177
Q3_ATTEMPT C01 12 INDEPENDENTLY_VALIDATED_ZERO_LATE_LAYER
