Starting CP-SAT solver v9.14.6206Parameters: random_seed: 26092511 max_time_in_seconds: 75 log_search_progress: true num_search_workers: 4 log_to_stdout: falseInitial optimization model '': (model_fingerprint: 0xf88ea98a1cd9d8ab)
#Variables: 5'947 (#bools: 2'973 in objective) (5'928 primary variables)
  - 2'973 Booleans in [0,1]
  - 955 different domains in [0,185644] with a largest complexity of 1.
#kCumulative: 6 (#intervals: 5'946, #optional: 5'946)
#kInterval: 5'946 (#enforced: 5'946)
#kLinear1: 2'974 (#enforced: 2'973)
#kLinear2: 3'113 (#enforced: 3'043)
#kLinearN: 65 (#terms: 14'899)Starting presolve at 0.01sThe solution hint is complete and is feasible. Its objective value is 6.73123248e+10.  1.75e-03s  0.00e+00d  [DetectDominanceRelations]   5.93e-02s  0.00e+00d  [PresolveToFixPoint] #num_loops=3 #num_dual_strengthening=2   2.33e-04s  0.00e+00d  [ExtractEncodingFromLinear] #potential_supersets=50   4.68e-04s  0.00e+00d  [DetectDuplicateColumns]   2.09e-03s  0.00e+00d  [DetectDuplicateConstraints] [Symmetry] Graph for symmetry has 28'650 nodes and 53'974 arcs.[Symmetry] Symmetry computation done. time: 0.00515936 dtime: 0.0045211[SAT presolve] num removable Booleans: 0 / 2973[SAT presolve] num trivial clauses: 0[SAT presolve] [0s] clauses:70 literals:140 vars:113 one_side_vars:86 simple_definition:27 singleton_clauses:0[SAT presolve] [1.8276e-05s] clauses:70 literals:140 vars:113 one_side_vars:86 simple_definition:27 singleton_clauses:0[SAT presolve] [7.2276e-05s] clauses:70 literals:140 vars:113 one_side_vars:86 simple_definition:27 singleton_clauses:0  4.07e-03s  0.00e+00d  [DetectDuplicateConstraintsWithDifferentEnforcements]   1.81e+00s  5.43e-01d  [Probe] #probed=11'892 #new_bounds=1'301 #new_binary_clauses=9'590   1.92e-03s  5.11e-03d  [MaxClique] Merged 81(415 literals) into 79(389 literals) at_most_ones.   1.64e-03s  0.00e+00d  [DetectDominanceRelations]   5.27e-02s  0.00e+00d  [PresolveToFixPoint] #num_loops=2 #num_dual_strengthening=1   2.20e-03s  0.00e+00d  [ProcessAtMostOneAndLinear]   3.94e-03s  0.00e+00d  [DetectDuplicateConstraints]   3.82e-03s  0.00e+00d  [DetectDuplicateConstraintsWithDifferentEnforcements]   5.87e-04s  3.75e-05d  [DetectDominatedLinearConstraints] #relevant_constraints=15 #num_inclusions=4 #num_redundant=1   1.10e-04s  0.00e+00d  [DetectDifferentVariables]   9.67e-03s  2.35e-04d  [ProcessSetPPC] #relevant_constraints=144 #num_inclusions=74   1.69e-04s  0.00e+00d  [FindAlmostIdenticalLinearConstraints]   3.19e-02s  6.26e-02d  [FindBigAtMostOneAndLinearOverlap] #blocks=13 #saved_nz=1'556   2.42e-03s  2.39e-02d  [FindBigVerticalLinearOverlap]   1.71e-04s  3.47e-04d  [FindBigHorizontalLinearOverlap] #linears=15   9.80e-05s  0.00e+00d  [MergeClauses]   1.52e-03s  0.00e+00d  [DetectDominanceRelations]   3.46e-02s  0.00e+00d  [PresolveToFixPoint] #num_loops=2 #num_dual_strengthening=1   2.39e-03s  0.00e+00d  [DetectDominanceRelations]   3.83e-02s  0.00e+00d  [PresolveToFixPoint] #num_loops=1 #num_dual_strengthening=1   4.04e-04s  0.00e+00d  [DetectDuplicateColumns]   2.11e-03s  0.00e+00d  [DetectDuplicateConstraints] [Symmetry] Graph for symmetry has 27'394 nodes and 49'353 arcs.[Symmetry] Symmetry computation done. time: 0.00213155 dtime: 0.0043235[SAT presolve] num removable Booleans: 0 / 2986[SAT presolve] num trivial clauses: 0[SAT presolve] [0s] clauses:70 literals:140 vars:113 one_side_vars:86 simple_definition:27 singleton_clauses:0[SAT presolve] [1.5545e-05s] clauses:70 literals:140 vars:113 one_side_vars:86 simple_definition:27 singleton_clauses:0[SAT presolve] [7.5382e-05s] clauses:70 literals:140 vars:113 one_side_vars:86 simple_definition:27 singleton_clauses:0  2.11e-03s  0.00e+00d  [DetectDuplicateConstraintsWithDifferentEnforcements]   1.69e+00s  4.71e-01d  [Probe] #probed=11'918 #new_binary_clauses=10'132   1.08e-03s  2.52e-03d  [MaxClique]   1.95e-03s  0.00e+00d  [DetectDominanceRelations]   3.59e-02s  0.00e+00d  [PresolveToFixPoint] #num_loops=1 #num_dual_strengthening=1   1.33e-03s  0.00e+00d  [ProcessAtMostOneAndLinear]   2.15e-03s  0.00e+00d  [DetectDuplicateConstraints]   2.55e-03s  0.00e+00d  [DetectDuplicateConstraintsWithDifferentEnforcements]   1.56e-04s  1.72e-05d  [DetectDominatedLinearConstraints] #relevant_constraints=15   6.99e-05s  0.00e+00d  [DetectDifferentVariables]   6.07e-04s  5.06e-05d  [ProcessSetPPC] #relevant_constraints=154 #num_inclusions=10   8.51e-05s  0.00e+00d  [FindAlmostIdenticalLinearConstraints]   2.65e-02s  5.95e-02d  [FindBigAtMostOneAndLinearOverlap]   2.12e-03s  2.39e-02d  [FindBigVerticalLinearOverlap]   2.17e-04s  3.47e-04d  [FindBigHorizontalLinearOverlap] #linears=15   1.17e-04s  0.00e+00d  [MergeClauses]   2.07e-03s  0.00e+00d  [DetectDominanceRelations]   4.88e-02s  0.00e+00d  [PresolveToFixPoint] #num_loops=1 #num_dual_strengthening=1   5.20e-03s  0.00e+00d  [ExpandObjective] #entries=1'225'304 #tight_variables=7'815 #tight_constraints=63 Presolve summary:  - 0 affine relations were detected.  - rule 'TODO linear2: contains a Boolean.' was applied 140 times.  - rule 'at_most_one: transformed into max clique.' was applied 1 time.  - rule 'bool_or: implications' was applied 70 times.  - rule 'deductions: 7247 stored' was applied 1 time.  - rule 'dual: fix variable' was applied 1 time.  - rule 'exactly_one: simplified objective' was applied 41 times.  - rule 'linear inclusion: sparsify superset' was applied 1 time.  - rule 'linear matrix: common amo rectangle' was applied 13 times.  - rule 'linear1: x in domain' was applied 1 time.  - rule 'linear: always true' was applied 2'973 times.  - rule 'linear: extracted at most one (max).' was applied 11 times.  - rule 'linear: fixed or dup variables' was applied 2'976 times.  - rule 'linear: positive clause' was applied 70 times.  - rule 'linear: positive equal one' was applied 50 times.  - rule 'new_bool: with clause' was applied 13 times.  - rule 'objective: shifted cost with exactly ones' was applied 67 times.  - rule 'presolve: 1 unused variables removed.' was applied 1 time.  - rule 'presolve: iteration' was applied 2 times.  - rule 'setppc: exactly_one included in linear' was applied 8 times.  - rule 'setppc: reduced linear coefficients' was applied 8 times.  - rule 'setppc: removed dominated constraints' was applied 3 times.  - rule 'variables: detect half reified value encoding' was applied 2'973 times.Presolved optimization model '': (model_fingerprint: 0x68c8856bb80dd221)
#Variables: 5'959 (#bools: 2'940 in objective) (5'928 primary variables)
  - 2'986 Booleans in [0,1]
  - 656 different domains in [0,52815] with a largest complexity of 1.
#kAtMostOne: 6 (#literals: 102)
#kBoolAnd: 70 (#enforced: 70) (#literals: 140)
#kCumulative: 6 (#intervals: 5'946, #optional: 5'946)
#kExactlyOne: 63 (#literals: 7'815)
#kInterval: 5'946 (#enforced: 5'946)
#kLinear1: 2'973 (#enforced: 2'973)
#kLinear2: 70 (#enforced: 70)
#kLinearN: 15 (#terms: 4'947)[Symmetry] Graph for symmetry has 27'393 nodes and 49'353 arcs.[Symmetry] Symmetry computation done. time: 0.00208125 dtime: 0.00432422Preloading model.#Bound   3.94s best:inf   next:[3.60888372e+10,6.50104596e+12] initial_domain#1       3.94s best:6.73123248e+10 next:[3.60888372e+10,6.73123248e+10] complete_hint#Model   3.95s var:5959/5959 constraints:9149/9149Starting search at 3.95s with 4 workers.3 full problem subsolvers: [core, default_lp, fixed]1 first solution subsolver: [fj]13 interleaved subsolvers: [feasibility_pump, graph_arc_lns, graph_cst_lns, graph_dec_lns, graph_var_lns, ls, rins/rens, rnd_cst_lns, rnd_var_lns, scheduling_intervals_lns, scheduling_precedences_lns, scheduling_resource_windows_lns, scheduling_time_window_lns]3 helper subsolvers: [neighborhood_helper, synchronization_agent, update_gap_integral]#2       5.42s best:6.6817568e+10 next:[3.60888372e+10,6.6817568e+10] graph_arc_lns (d=7.07e-01 s=16 t=0.10 p=1.00 stall=1 h=base)#3       5.75s best:6.66968499e+10 next:[3.60888372e+10,6.66968499e+10] graph_cst_lns (d=7.07e-01 s=17 t=0.10 p=1.00 stall=1 h=base)#Bound   7.02s best:6.66968499e+10 next:[3.63504284e+10,6.66968499e+10] am1_presolve (num_literals=2940 num_am1=3 increase=261591168 work_done=34864)#Bound   7.12s best:6.66968499e+10 next:[4.70750061e+10,6.66968499e+10] default_lp#Bound   7.13s best:6.66968499e+10 next:[6.22214751e+10,6.66968499e+10] default_lp#Bound   7.13s best:6.66968499e+10 next:[6.22234621e+10,6.66968499e+10] fixed#Bound   7.15s best:6.66968499e+10 next:[6.39689567e+10,6.66968499e+10] default_lp#Bound   7.18s best:6.66968499e+10 next:[6.4088038e+10,6.66968499e+10] default_lp#Bound   7.19s best:6.66968499e+10 next:[6.41172142e+10,6.66968499e+10] fixed#Bound   7.22s best:6.66968499e+10 next:[6.41685335e+10,6.66968499e+10] default_lp#Bound   7.22s best:6.66968499e+10 next:[6.43346125e+10,6.66968499e+10] fixed#Bound   7.25s best:6.66968499e+10 next:[6.43839084e+10,6.66968499e+10] fixed#Bound   7.30s best:6.66968499e+10 next:[6.44179786e+10,6.66968499e+10] fixed#Bound   7.35s best:6.66968499e+10 next:[6.44379046e+10,6.66968499e+10] fixed#Bound   7.42s best:6.66968499e+10 next:[6.44700585e+10,6.66968499e+10] fixed#Bound   7.49s best:6.66968499e+10 next:[6.44795883e+10,6.66968499e+10] fixed#Bound   7.56s best:6.66968499e+10 next:[6.44963218e+10,6.66968499e+10] fixed#Bound   7.65s best:6.66968499e+10 next:[6.45034482e+10,6.66968499e+10] fixed#Bound   7.74s best:6.66968499e+10 next:[6.45108362e+10,6.66968499e+10] fixed#Model   7.83s var:3277/5959 constraints:5106/9149#Bound   7.84s best:6.66968499e+10 next:[6.45123372e+10,6.66968499e+10] fixed#Bound   7.93s best:6.66968499e+10 next:[6.45128354e+10,6.66968499e+10] fixed#Model   8.04s var:3253/5959 constraints:5070/9149#Bound   8.14s best:6.66968499e+10 next:[6.45202151e+10,6.66968499e+10] fixed#Bound   8.22s best:6.66968499e+10 next:[6.45249498e+10,6.66968499e+10] fixed#Model   8.24s var:3219/5959 constraints:5019/9149#Bound   8.35s best:6.66968499e+10 next:[6.45304247e+10,6.66968499e+10] fixed#Model   8.45s var:3211/5959 constraints:5007/9149#Bound   8.46s best:6.66968499e+10 next:[6.45320589e+10,6.66968499e+10] fixed#Model   8.55s var:3207/5959 constraints:5001/9149#Bound   8.57s best:6.66968499e+10 next:[6.45324989e+10,6.66968499e+10] fixed#Bound   8.70s best:6.66968499e+10 next:[6.45382574e+10,6.66968499e+10] fixed#Bound   8.82s best:6.66968499e+10 next:[6.45425362e+10,6.66968499e+10] fixed#Model   8.86s var:3173/5959 constraints:4950/9149#Model   9.26s var:3111/5959 constraints:4857/9149#Model   9.46s var:3109/5959 constraints:4854/9149#Bound   9.79s best:6.66968499e+10 next:[6.45493759e+10,6.66968499e+10] default_lp#Model   9.79s var:3097/5959 constraints:4836/9149#Bound   9.88s best:6.66968499e+10 next:[6.45561804e+10,6.66968499e+10] default_lp#Bound  10.00s best:6.66968499e+10 next:[6.45566003e+10,6.66968499e+10] default_lp#Bound  10.12s best:6.66968499e+10 next:[6.45585438e+10,6.66968499e+10] default_lp#Model  10.14s var:3065/5959 constraints:4788/9149#Bound  11.40s best:6.66968499e+10 next:[6.45618605e+10,6.66968499e+10] default_lp#Model  11.41s var:3041/5959 constraints:4754/9149#Model  11.64s var:3021/5959 constraints:4724/9149#Model  11.74s var:3018/5959 constraints:4720/9149#Bound  12.01s best:6.66968499e+10 next:[6.45711245e+10,6.66968499e+10] default_lp [skipped_logs=4]#Model  12.43s var:2974/5959 constraints:4652/9149#Model  12.52s var:2966/5959 constraints:4636/9149#Model  12.77s var:2937/5959 constraints:4592/9149#Bound  12.40s best:6.66968499e+10 next:[6.45796946e+10,6.66968499e+10] default_lp [skipped_logs=3]#Model  13.42s var:2931/5959 constraints:4583/9149#Bound  13.24s best:6.66968499e+10 next:[6.45811225e+10,6.66968499e+10] default_lp [skipped_logs=1]#Model  15.28s var:2923/5959 constraints:4571/9149#Model  16.55s var:2921/5959 constraints:4568/9149#Model  16.65s var:2919/5959 constraints:4565/9149#Model  16.76s var:2913/5959 constraints:4556/9149#Model  16.93s var:2911/5959 constraints:4553/9149#Model  17.13s var:2905/5959 constraints:4544/9149#Bound  17.97s best:6.66968499e+10 next:[6.45825952e+10,6.66968499e+10] default_lp#Model  17.98s var:2903/5959 constraints:4541/9149#Bound  18.07s best:6.66968499e+10 next:[6.45826956e+10,6.66968499e+10] default_lp#Model  18.28s var:2901/5959 constraints:4538/9149#Model  22.61s var:2879/5959 constraints:4505/9149#Bound  24.30s best:6.66968499e+10 next:[6.45827303e+10,6.66968499e+10] default_lp#Bound  24.40s best:6.66968499e+10 next:[6.45827317e+10,6.66968499e+10] default_lp#Model  24.44s var:2875/5959 constraints:4499/9149#Model  25.69s var:2873/5959 constraints:4496/9149#Bound  34.63s best:6.66968499e+10 next:[6.4582735e+10,6.66968499e+10] default_lp#Model  34.83s var:2845/5959 constraints:4454/9149#Model  35.78s var:2843/5959 constraints:4451/9149#Model  35.84s var:2841/5959 constraints:4448/9149#Model  35.96s var:2835/5959 constraints:4439/9149#Model  36.11s var:2827/5959 constraints:4427/9149#Model  36.49s var:2822/5959 constraints:4420/9149#Model  36.58s var:2821/5959 constraints:4419/9149#Bound  36.68s best:6.66968499e+10 next:[6.46096517e+10,6.66968499e+10] default_lp#Model  42.75s var:2819/5959 constraints:4416/9149#Model  43.15s var:2815/5959 constraints:4410/9149#Model  44.79s var:2813/5959 constraints:4407/9149#Model  47.75s var:2811/5959 constraints:4405/9149#Model  48.10s var:2809/5959 constraints:4402/9149#Model  50.00s var:2802/5959 constraints:4392/9149Task timing                                  n [     min,      max]      avg      dev     time         n [     min,      max]      avg      dev    dtime
                             'core':         1 [   1.18m,    1.18m]    1.18m   0.00ns    1.18m         1 [  25.47s,   25.47s]   25.47s   0.00ns   25.47s
                       'default_lp':         1 [   1.18m,    1.18m]    1.18m   0.00ns    1.18m         1 [  31.92s,   31.92s]   31.92s   0.00ns   31.92s
                 'feasibility_pump':        72 [ 35.61us,    3.26s]  76.79ms 460.47ms    5.53s         2 [ 30.29ms,  43.42ms]  36.85ms   6.57ms  73.71ms
                            'fixed':         1 [   1.18m,    1.18m]    1.18m   0.00ns    1.18m         1 [   1.17m,    1.17m]    1.17m   0.00ns    1.17m
                               'fj':         0 [  0.00ns,   0.00ns]   0.00ns   0.00ns   0.00ns         0 [  0.00ns,   0.00ns]   0.00ns   0.00ns   0.00ns
                    'graph_arc_lns':        50 [ 18.31ms, 316.70ms] 147.26ms  91.79ms    7.36s        50 [  6.33us, 100.55ms]  57.46ms  45.13ms    2.87s
                    'graph_cst_lns':        46 [ 31.18ms, 607.41ms] 160.08ms 120.80ms    7.36s        46 [ 75.89us, 100.24ms]  55.83ms  45.32ms    2.57s
                    'graph_dec_lns':        49 [ 17.68ms, 323.83ms] 148.47ms  94.74ms    7.28s        49 [  5.93us, 100.20ms]  56.58ms  45.45ms    2.77s
                    'graph_var_lns':        48 [ 23.57ms, 526.02ms] 151.83ms 107.15ms    7.29s        48 [  7.54us, 100.44ms]  55.04ms  45.21ms    2.64s
                               'ls':        72 [  1.48ms, 132.10ms]  46.45ms  38.42ms    3.34s        72 [100.03ms, 501.63ms] 199.21ms 146.78ms   14.34s
                        'rins/rens':         0 [  0.00ns,   0.00ns]   0.00ns   0.00ns   0.00ns         0 [  0.00ns,   0.00ns]   0.00ns   0.00ns   0.00ns
                      'rnd_cst_lns':        46 [ 17.45ms, 470.58ms] 156.20ms 114.34ms    7.19s        46 [ 55.99us, 100.43ms]  53.24ms  45.71ms    2.45s
                      'rnd_var_lns':        51 [ 28.50ms, 364.07ms] 144.99ms  93.92ms    7.39s        51 [  9.29us, 100.23ms]  56.23ms  46.13ms    2.87s
         'scheduling_intervals_lns':        45 [ 37.30ms, 512.93ms] 159.76ms  98.68ms    7.19s        45 [ 12.53us, 100.29ms]  59.23ms  43.09ms    2.67s
       'scheduling_precedences_lns':        47 [ 17.46ms, 645.83ms] 158.60ms 172.04ms    7.45s        47 [  8.39us, 100.64ms]  40.48ms  49.13ms    1.90s
  'scheduling_resource_windows_lns':        72 [ 17.76ms,  46.72ms]  24.46ms   4.82ms    1.76s        72 [  5.02us,   7.15us]   6.03us 463.05ns 433.93us
       'scheduling_time_window_lns':        72 [ 18.09ms,  44.95ms]  23.62ms   4.45ms    1.70s        72 [  5.42us,   7.22us]   6.00us 385.46ns 431.96us
Search stats      Bools  Conflicts  Branches  Restarts   BoolPropag  IntegerPropag
        'core':   5'962    170'437   911'237    11'919  147'571'469     21'470'174
  'default_lp':  27'409     26'819   577'574    70'067   53'754'637     31'964'296
       'fixed':  52'221     79'721   277'777    21'835  665'820'788      9'516'485
SAT stats        ClassicMinim  LitRemoved  LitLearned  LitForgotten  Subsumed  MClauses  MDecisions  MLitTrue  MSubsumed  MLitRemoved  MReused
        'core':       152'828   6'609'576  21'312'056    18'510'382     2'100         0           0         0          0            0        0
  'default_lp':        16'918     837'614   1'030'411       661'954        21    13'644     211'069         0        253        5'985   22'499
       'fixed':        33'220     176'944     621'135             0         1     1'087      81'660         0         71        8'429    1'743
Lp stats         Component  Iterations  AddedCuts  OPTIMAL  DUAL_F.  DUAL_U.
  'default_lp':          1     207'101        825   21'397        0    2'150
       'fixed':          1      40'423        661    1'415        0      242
Lp dimension        Final dimension of first component
  'default_lp':  276 rows, 2986 columns, 79372 entries
       'fixed':  159 rows, 2986 columns, 31887 entries
Lp debug         CutPropag  CutEqPropag  Adjust  Overflow     Bad  BadScaling
  'default_lp':          0          475  20'551         0  74'808           0
       'fixed':          0          218   1'655         0  35'469           0
Lp pool          Constraints  Updates  Simplif  Merged  Shortened  Split  Strenghtened  Cuts/Call
  'default_lp':          912      970   13'767       0     14'012    143            76  825/1'830
       'fixed':          748      638    4'677       0      4'798     14            89  661/1'260
Lp Cut           fixed  default_lp
         CG_FF:     36          52
          CG_K:     16          27
          CG_R:    123         177
      MIR_1_FF:     37          40
       MIR_1_K:      3           6
      MIR_1_KL:      4           4
       MIR_1_R:     25          44
      MIR_2_FF:     40          33
       MIR_2_K:      5           5
      MIR_2_KL:      5           1
       MIR_2_R:     86         112
      MIR_3_FF:     25          21
       MIR_3_K:      2           -
      MIR_3_KL:      2           -
       MIR_3_R:     68          86
      MIR_4_FF:     25          33
       MIR_4_K:      2           3
       MIR_4_R:     44          58
      MIR_5_FF:     10          13
       MIR_5_K:      1           2
      MIR_5_KL:      1           -
       MIR_5_R:     41          48
      MIR_6_FF:      7          12
       MIR_6_K:      1           1
       MIR_6_R:     42          41
  ZERO_HALF_FF:      4           2
   ZERO_HALF_R:      6           4
LNS stats                             Improv/Calls  Closed  Difficulty  TimeLimit
                    'graph_arc_lns':          4/50     50%    6.33e-01       0.10
                    'graph_cst_lns':          4/46     50%    6.25e-01       0.10
                    'graph_dec_lns':          3/49     53%    7.92e-01       0.10
                    'graph_var_lns':          3/48     52%    7.02e-01       0.10
                        'rins/rens':           0/0      0%    5.00e-01       0.10
                      'rnd_cst_lns':          2/46     54%    7.71e-01       0.10
                      'rnd_var_lns':          3/51     49%    6.19e-01       0.10
         'scheduling_intervals_lns':          2/45     51%    6.96e-01       0.10
       'scheduling_precedences_lns':          3/47     60%    9.81e-01       0.10
  'scheduling_resource_windows_lns':          0/72    100%    1.00e+00       0.10
       'scheduling_time_window_lns':          0/72    100%    1.00e+00       0.10
LS stats                                Batches  Restarts/Perturbs  LinMoves  GenMoves  CompoundMoves  Bactracks  WeightUpdates  ScoreComputed
                         'ls_restart':       10                  4     9'881         0              0          0         76'997      1'229'142
                'ls_restart_compound':        6                  6         0        43             19          9            138         83'358
        'ls_restart_compound_perturb':       10                  7         0       105             28         36            117        118'406
                   'ls_restart_decay':       10                  7    10'181         0              0          0          3'980      1'780'354
          'ls_restart_decay_compound':        9                  5         0       108             22         39             68        102'450
  'ls_restart_decay_compound_perturb':        6                  3         0        44             11         14             28         59'984
           'ls_restart_decay_perturb':        9                  5     9'146         0              0          0          2'884      1'638'803
                 'ls_restart_perturb':       12                  8     9'468         0              0          0        232'816        460'030
Solutions (3)       Num   Rank
  'complete_hint':    1  [1,1]
  'graph_arc_lns':    1  [2,2]
  'graph_cst_lns':    1  [3,3]
Objective bounds     Num
    'am1_presolve':    1
      'default_lp':   27
           'fixed':   20
  'initial_domain':    1
Solution repositories    Added  Queried  Synchro
  'feasible solutions':     99    1'097       52
   'fj solution hints':      0        0        0
        'lp solutions':      0        0        0
                'pump':      0        0
Improving bounds shared      Num  Sym
            'default_lp':    357    0
                 'fixed':  2'800    0
Clauses shared    Num
   'default_lp':  126
        'fixed':   95
CpSolverResponse summary:
status: FEASIBLE
objective: 66696849881
best_bound: 64609651744
integers: 6014
booleans: 52221
conflicts: 79721
branches: 277777
propagations: 665820788
integer_propagations: 9516485
restarts: 21835
lp_iterations: 40423
walltime: 75.0308
usertime: 75.0308
deterministic_time: 163.732
gap_integral: 3490.37
solution_fingerprint: 0x5e1196ccdc7bc5ea
