reaudit existing...
existing 9 new_pareto 3
source       J_late   J_norm     makespan    energy  sorties
   P01 68111.930572 0.478076  8739.558037 72.956792       26
   P04 56806.057102 0.536970 10365.714076 80.088628       30
  ALNS 40057.741663 0.470305 10597.432092 79.945961       30
Stage1 timeliness...
  seed=2026092301 late=71697.759 norm=0.56250 makespan=9762.4 E=77.593 N=29
  seed=2026092302 late=47269.951 norm=0.51773 makespan=8997.9 E=75.382 N=28
  seed=2026092303 late=47525.427 norm=0.50604 makespan=9737.4 E=75.228 N=28
  seed=2026092304 late=56788.074 norm=0.52276 makespan=10093.0 E=77.683 N=29
  seed=2026092305 late=47179.675 norm=0.48082 makespan=9194.2 E=74.960 N=27
  seed=2026092306 late=46965.241 norm=0.50599 makespan=8941.8 E=75.291 N=28
  seed=2026092307 late=28569.795 norm=0.52701 makespan=10250.3 E=73.471 N=28
  seed=2026092308 late=45386.213 norm=0.53571 makespan=9145.3 E=77.726 N=28
  seed=2026092309 late=46570.867 norm=0.52713 makespan=9990.1 E=80.218 N=29
  seed=2026092310 late=75300.568 norm=0.56695 makespan=9776.1 E=75.450 N=27
J_late_best 28569.79538945284 zero_late False bound_kind J_late budget_base 28569.79538945284
Stage2 epsilon...
  eps=0.0 makespan late=28569.795 norm=0.52701 makespan=10250.3 E=73.471 N=28
  eps=0.0 energy late=27140.240 norm=0.52571 makespan=10326.9 E=73.350 N=28
  eps=0.0 sorties late=27140.240 norm=0.52404 makespan=10326.9 E=73.367 N=28
  eps=0.01 makespan late=28569.795 norm=0.52701 makespan=10250.3 E=73.471 N=28
  eps=0.01 energy late=27140.240 norm=0.52571 makespan=10326.9 E=73.350 N=28
  eps=0.01 sorties late=27140.240 norm=0.52404 makespan=10326.9 E=73.367 N=28
  eps=0.02 makespan late=28569.795 norm=0.52701 makespan=10250.3 E=73.471 N=28
  eps=0.02 energy late=27140.240 norm=0.52571 makespan=10326.9 E=73.350 N=28
  eps=0.02 sorties late=27140.240 norm=0.52404 makespan=10326.9 E=73.367 N=28
  eps=0.05 makespan late=28569.795 norm=0.52701 makespan=10250.3 E=73.471 N=28
  eps=0.05 energy late=27140.240 norm=0.52571 makespan=10326.9 E=73.350 N=28
  eps=0.05 sorties late=27140.240 norm=0.52404 makespan=10326.9 E=73.367 N=28
P P01 28569.79538945284 0.5270079634662485 10250.303430472715 73.47077585529216 28
P P02 28569.79538945284 0.5270079634662485 10250.303430472715 73.47077585529216 28
P P03 28569.79538945284 0.5270079634662485 10250.303430472715 73.47077585529216 28
P P04 27140.240272980776 0.5257111204986747 10326.937059944303 73.3497269965582 28
P P05 27140.240272980776 0.5240409478982372 10326.937059944303 73.36713146611822 28
P P06 28569.79538945284 0.5270079634662485 10250.303430472715 73.47077585529216 28
P P07 27140.240272980776 0.5257111204986747 10326.937059944303 73.3497269965582 28
P P08 27140.240272980776 0.5240409478982372 10326.937059944303 73.36713146611822 28
P P09 28569.79538945284 0.5270079634662485 10250.303430472715 73.47077585529216 28
P P10 27140.240272980776 0.5257111204986747 10326.937059944303 73.3497269965582 28
P P11 27140.240272980776 0.5240409478982372 10326.937059944303 73.36713146611822 28
P P12 28569.79538945284 0.5270079634662485 10250.303430472715 73.47077585529216 28
P P13 27140.240272980776 0.5257111204986747 10326.937059944303 73.3497269965582 28
P P14 27140.240272980776 0.5240409478982372 10326.937059944303 73.36713146611822 28
E32_SOLVED
